[    0.000000] Initializing cgroup subsys cpuset
[    0.000000] Initializing cgroup subsys cpu
[    0.000000] Initializing cgroup subsys cpuacct
[    0.000000] Linux version 3.19.0-25-generic (buildd@lgw01-20) (gcc version 4.8.2 (Ubuntu 4.8.2-19ubuntu1) ) #26~14.04.1-Ubuntu SMP Fri Jul 24 21:16:20 UTC 2015 (Ubuntu 3.19.0-25.26~14.04.1-generic 3.19.8-ckt2)
[    0.000000] Command line: BOOT_IMAGE=/boot/vmlinuz-3.19.0-25-generic root=UUID=4ca5b3b4-2f4c-43c4-b427-86e435b8871e ro
[    0.000000] KERNEL supported cpus:
[    0.000000]   Intel GenuineIntel
[    0.000000]   AMD AuthenticAMD
[    0.000000]   Centaur CentaurHauls
[    0.000000] Disabled fast string operations
[    0.000000] e820: BIOS-provided physical RAM map:
[    0.000000] BIOS-e820: [mem 0x0000000000000000-0x000000000009e7ff] usable
[    0.000000] BIOS-e820: [mem 0x000000000009e800-0x000000000009ffff] reserved
[    0.000000] BIOS-e820: [mem 0x00000000000dc000-0x00000000000fffff] reserved
[    0.000000] BIOS-e820: [mem 0x0000000000100000-0x000000007fedffff] usable
[    0.000000] BIOS-e820: [mem 0x000000007fee0000-0x000000007fefefff] ACPI data
[    0.000000] BIOS-e820: [mem 0x000000007feff000-0x000000007fefffff] ACPI NVS
[    0.000000] BIOS-e820: [mem 0x000000007ff00000-0x000000007fffffff] usable
[    0.000000] BIOS-e820: [mem 0x00000000f0000000-0x00000000f7ffffff] reserved
[    0.000000] BIOS-e820: [mem 0x00000000fec00000-0x00000000fec0ffff] reserved
[    0.000000] BIOS-e820: [mem 0x00000000fee00000-0x00000000fee00fff] reserved
[    0.000000] BIOS-e820: [mem 0x00000000fffe0000-0x00000000ffffffff] reserved
[    0.000000] NX (Execute Disable) protection: active
[    0.000000] SMBIOS 2.7 present.
[    0.000000] DMI: VMware, Inc. VMware Virtual Platform/440BX Desktop Reference Platform, BIOS 6.00 07/02/2015
[    0.000000] Hypervisor detected: VMware
[    0.000000] e820: update [mem 0x00000000-0x00000fff] usable ==> reserved
[    0.000000] e820: remove [mem 0x000a0000-0x000fffff] usable
[    0.000000] AGP: No AGP bridge found
[    0.000000] e820: last_pfn = 0x80000 max_arch_pfn = 0x400000000
[    0.000000] MTRR default type: uncachable
[    0.000000] MTRR fixed ranges enabled:
[    0.000000]   00000-9FFFF write-back
[    0.000000]   A0000-BFFFF uncachable
[    0.000000]   C0000-CBFFF write-protect
[    0.000000]   CC000-EFFFF uncachable
[    0.000000]   F0000-FFFFF write-protect
[    0.000000] MTRR variable ranges enabled:
[    0.000000]   0 base 000C0000000 mask 3FFC0000000 uncachable
[    0.000000]   1 base 00000000000 mask 3FF00000000 write-back
[    0.000000]   2 disabled
[    0.000000]   3 disabled
[    0.000000]   4 disabled
[    0.000000]   5 disabled
[    0.000000]   6 disabled
[    0.000000]   7 disabled
[    0.000000] PAT configuration [0-7]: WB  WC  UC- UC  WB  WC  UC- UC  
[    0.000000] original variable MTRRs
[    0.000000] reg 0, base: 3GB, range: 1GB, type UC
[    0.000000] reg 1, base: 0GB, range: 4GB, type WB
[    0.000000] total RAM covered: 3072M
[    0.000000] Found optimal setting for mtrr clean up
[    0.000000]  gran_size: 64K 	chunk_size: 64K 	num_reg: 2  	lose cover RAM: 0G
[    0.000000] New variable MTRRs
[    0.000000] reg 0, base: 0GB, range: 2GB, type WB
[    0.000000] reg 1, base: 2GB, range: 1GB, type WB
[    0.000000] found SMP MP-table at [mem 0x000f6a80-0x000f6a8f] mapped at [ffff8800000f6a80]
[    0.000000] Scanning 1 areas for low memory corruption
[    0.000000] Base memory trampoline at [ffff880000098000] 98000 size 24576
[    0.000000] init_memory_mapping: [mem 0x00000000-0x000fffff]
[    0.000000]  [mem 0x00000000-0x000fffff] page 4k
[    0.000000] BRK [0x01fd5000, 0x01fd5fff] PGTABLE
[    0.000000] BRK [0x01fd6000, 0x01fd6fff] PGTABLE
[    0.000000] BRK [0x01fd7000, 0x01fd7fff] PGTABLE
[    0.000000] init_memory_mapping: [mem 0x7fc00000-0x7fdfffff]
[    0.000000]  [mem 0x7fc00000-0x7fdfffff] page 2M
[    0.000000] BRK [0x01fd8000, 0x01fd8fff] PGTABLE
[    0.000000] init_memory_mapping: [mem 0x60000000-0x7fbfffff]
[    0.000000]  [mem 0x60000000-0x7fbfffff] page 2M
[    0.000000] init_memory_mapping: [mem 0x40000000-0x5fffffff]
[    0.000000]  [mem 0x40000000-0x5fffffff] page 2M
[    0.000000] init_memory_mapping: [mem 0x00100000-0x3fffffff]
[    0.000000]  [mem 0x00100000-0x001fffff] page 4k
[    0.000000]  [mem 0x00200000-0x3fffffff] page 2M
[    0.000000] init_memory_mapping: [mem 0x7fe00000-0x7fedffff]
[    0.000000]  [mem 0x7fe00000-0x7fedffff] page 4k
[    0.000000] BRK [0x01fd9000, 0x01fd9fff] PGTABLE
[    0.000000] init_memory_mapping: [mem 0x7ff00000-0x7fffffff]
[    0.000000]  [mem 0x7ff00000-0x7fffffff] page 4k
[    0.000000] RAMDISK: [mem 0x359ec000-0x36cedfff]
[    0.000000] ACPI: Early table checksum verification disabled
[    0.000000] ACPI: RSDP 0x00000000000F6A10 000024 (v02 PTLTD )
[    0.000000] ACPI: XSDT 0x000000007FEEA633 00005C (v01 INTEL  440BX    06040000 VMW  01324272)
[    0.000000] ACPI: FACP 0x000000007FEFEE73 0000F4 (v04 INTEL  440BX    06040000 PTL  000F4240)
[    0.000000] ACPI: DSDT 0x000000007FEEC0AF 012DC4 (v01 PTLTD  Custom   06040000 MSFT 03000001)
[    0.000000] ACPI: FACS 0x000000007FEFFFC0 000040
[    0.000000] ACPI: BOOT 0x000000007FEEC087 000028 (v01 PTLTD  $SBFTBL$ 06040000  LTP 00000001)
[    0.000000] ACPI: APIC 0x000000007FEEB8BD 000742 (v01 PTLTD  ? APIC   06040000  LTP 00000000)
[    0.000000] ACPI: MCFG 0x000000007FEEB881 00003C (v01 PTLTD  $PCITBL$ 06040000  LTP 00000001)
[    0.000000] ACPI: SRAT 0x000000007FEEA72F 0008D0 (v02 VMWARE MEMPLUG  06040000 VMW  00000001)
[    0.000000] ACPI: HPET 0x000000007FEEA6F7 000038 (v01 VMWARE VMW HPET 06040000 VMW  00000001)
[    0.000000] ACPI: WAET 0x000000007FEEA6CF 000028 (v01 VMWARE VMW WAET 06040000 VMW  00000001)
[    0.000000] ACPI: Local APIC address 0xfee00000
[    0.000000] system APIC only can use physical flat
[    0.000000] Setting APIC routing to physical flat.
[    0.000000] SRAT: PXM 0 -> APIC 0x00 -> Node 0
[    0.000000] SRAT: PXM 0 -> APIC 0x01 -> Node 0
[    0.000000] SRAT: PXM 0 -> APIC 0x02 -> Node 0
[    0.000000] SRAT: PXM 0 -> APIC 0x03 -> Node 0
[    0.000000] SRAT: PXM 0 -> APIC 0x04 -> Node 0
[    0.000000] SRAT: PXM 0 -> APIC 0x05 -> Node 0
[    0.000000] SRAT: PXM 0 -> APIC 0x06 -> Node 0
[    0.000000] SRAT: PXM 0 -> APIC 0x07 -> Node 0
[    0.000000] SRAT: PXM 0 -> APIC 0x08 -> Node 0
[    0.000000] SRAT: PXM 0 -> APIC 0x09 -> Node 0
[    0.000000] SRAT: PXM 0 -> APIC 0x0a -> Node 0
[    0.000000] SRAT: PXM 0 -> APIC 0x0b -> Node 0
[    0.000000] SRAT: PXM 0 -> APIC 0x0c -> Node 0
[    0.000000] SRAT: PXM 0 -> APIC 0x0d -> Node 0
[    0.000000] SRAT: PXM 0 -> APIC 0x0e -> Node 0
[    0.000000] SRAT: PXM 0 -> APIC 0x0f -> Node 0
[    0.000000] SRAT: PXM 0 -> APIC 0x10 -> Node 0
[    0.000000] SRAT: PXM 0 -> APIC 0x11 -> Node 0
[    0.000000] SRAT: PXM 0 -> APIC 0x12 -> Node 0
[    0.000000] SRAT: PXM 0 -> APIC 0x13 -> Node 0
[    0.000000] SRAT: PXM 0 -> APIC 0x14 -> Node 0
[    0.000000] SRAT: PXM 0 -> APIC 0x15 -> Node 0
[    0.000000] SRAT: PXM 0 -> APIC 0x16 -> Node 0
[    0.000000] SRAT: PXM 0 -> APIC 0x17 -> Node 0
[    0.000000] SRAT: PXM 0 -> APIC 0x18 -> Node 0
[    0.000000] SRAT: PXM 0 -> APIC 0x19 -> Node 0
[    0.000000] SRAT: PXM 0 -> APIC 0x1a -> Node 0
[    0.000000] SRAT: PXM 0 -> APIC 0x1b -> Node 0
[    0.000000] SRAT: PXM 0 -> APIC 0x1c -> Node 0
[    0.000000] SRAT: PXM 0 -> APIC 0x1d -> Node 0
[    0.000000] SRAT: PXM 0 -> APIC 0x1e -> Node 0
[    0.000000] SRAT: PXM 0 -> APIC 0x1f -> Node 0
[    0.000000] SRAT: PXM 0 -> APIC 0x20 -> Node 0
[    0.000000] SRAT: PXM 0 -> APIC 0x21 -> Node 0
[    0.000000] SRAT: PXM 0 -> APIC 0x22 -> Node 0
[    0.000000] SRAT: PXM 0 -> APIC 0x23 -> Node 0
[    0.000000] SRAT: PXM 0 -> APIC 0x24 -> Node 0
[    0.000000] SRAT: PXM 0 -> APIC 0x25 -> Node 0
[    0.000000] SRAT: PXM 0 -> APIC 0x26 -> Node 0
[    0.000000] SRAT: PXM 0 -> APIC 0x27 -> Node 0
[    0.000000] SRAT: PXM 0 -> APIC 0x28 -> Node 0
[    0.000000] SRAT: PXM 0 -> APIC 0x29 -> Node 0
[    0.000000] SRAT: PXM 0 -> APIC 0x2a -> Node 0
[    0.000000] SRAT: PXM 0 -> APIC 0x2b -> Node 0
[    0.000000] SRAT: PXM 0 -> APIC 0x2c -> Node 0
[    0.000000] SRAT: PXM 0 -> APIC 0x2d -> Node 0
[    0.000000] SRAT: PXM 0 -> APIC 0x2e -> Node 0
[    0.000000] SRAT: PXM 0 -> APIC 0x2f -> Node 0
[    0.000000] SRAT: PXM 0 -> APIC 0x30 -> Node 0
[    0.000000] SRAT: PXM 0 -> APIC 0x31 -> Node 0
[    0.000000] SRAT: PXM 0 -> APIC 0x32 -> Node 0
[    0.000000] SRAT: PXM 0 -> APIC 0x33 -> Node 0
[    0.000000] SRAT: PXM 0 -> APIC 0x34 -> Node 0
[    0.000000] SRAT: PXM 0 -> APIC 0x35 -> Node 0
[    0.000000] SRAT: PXM 0 -> APIC 0x36 -> Node 0
[    0.000000] SRAT: PXM 0 -> APIC 0x37 -> Node 0
[    0.000000] SRAT: PXM 0 -> APIC 0x38 -> Node 0
[    0.000000] SRAT: PXM 0 -> APIC 0x39 -> Node 0
[    0.000000] SRAT: PXM 0 -> APIC 0x3a -> Node 0
[    0.000000] SRAT: PXM 0 -> APIC 0x3b -> Node 0
[    0.000000] SRAT: PXM 0 -> APIC 0x3c -> Node 0
[    0.000000] SRAT: PXM 0 -> APIC 0x3d -> Node 0
[    0.000000] SRAT: PXM 0 -> APIC 0x3e -> Node 0
[    0.000000] SRAT: PXM 0 -> APIC 0x3f -> Node 0
[    0.000000] SRAT: PXM 0 -> APIC 0x40 -> Node 0
[    0.000000] SRAT: PXM 0 -> APIC 0x41 -> Node 0
[    0.000000] SRAT: PXM 0 -> APIC 0x42 -> Node 0
[    0.000000] SRAT: PXM 0 -> APIC 0x43 -> Node 0
[    0.000000] SRAT: PXM 0 -> APIC 0x44 -> Node 0
[    0.000000] SRAT: PXM 0 -> APIC 0x45 -> Node 0
[    0.000000] SRAT: PXM 0 -> APIC 0x46 -> Node 0
[    0.000000] SRAT: PXM 0 -> APIC 0x47 -> Node 0
[    0.000000] SRAT: PXM 0 -> APIC 0x48 -> Node 0
[    0.000000] SRAT: PXM 0 -> APIC 0x49 -> Node 0
[    0.000000] SRAT: PXM 0 -> APIC 0x4a -> Node 0
[    0.000000] SRAT: PXM 0 -> APIC 0x4b -> Node 0
[    0.000000] SRAT: PXM 0 -> APIC 0x4c -> Node 0
[    0.000000] SRAT: PXM 0 -> APIC 0x4d -> Node 0
[    0.000000] SRAT: PXM 0 -> APIC 0x4e -> Node 0
[    0.000000] SRAT: PXM 0 -> APIC 0x4f -> Node 0
[    0.000000] SRAT: PXM 0 -> APIC 0x50 -> Node 0
[    0.000000] SRAT: PXM 0 -> APIC 0x51 -> Node 0
[    0.000000] SRAT: PXM 0 -> APIC 0x52 -> Node 0
[    0.000000] SRAT: PXM 0 -> APIC 0x53 -> Node 0
[    0.000000] SRAT: PXM 0 -> APIC 0x54 -> Node 0
[    0.000000] SRAT: PXM 0 -> APIC 0x55 -> Node 0
[    0.000000] SRAT: PXM 0 -> APIC 0x56 -> Node 0
[    0.000000] SRAT: PXM 0 -> APIC 0x57 -> Node 0
[    0.000000] SRAT: PXM 0 -> APIC 0x58 -> Node 0
[    0.000000] SRAT: PXM 0 -> APIC 0x59 -> Node 0
[    0.000000] SRAT: PXM 0 -> APIC 0x5a -> Node 0
[    0.000000] SRAT: PXM 0 -> APIC 0x5b -> Node 0
[    0.000000] SRAT: PXM 0 -> APIC 0x5c -> Node 0
[    0.000000] SRAT: PXM 0 -> APIC 0x5d -> Node 0
[    0.000000] SRAT: PXM 0 -> APIC 0x5e -> Node 0
[    0.000000] SRAT: PXM 0 -> APIC 0x5f -> Node 0
[    0.000000] SRAT: PXM 0 -> APIC 0x60 -> Node 0
[    0.000000] SRAT: PXM 0 -> APIC 0x61 -> Node 0
[    0.000000] SRAT: PXM 0 -> APIC 0x62 -> Node 0
[    0.000000] SRAT: PXM 0 -> APIC 0x63 -> Node 0
[    0.000000] SRAT: PXM 0 -> APIC 0x64 -> Node 0
[    0.000000] SRAT: PXM 0 -> APIC 0x65 -> Node 0
[    0.000000] SRAT: PXM 0 -> APIC 0x66 -> Node 0
[    0.000000] SRAT: PXM 0 -> APIC 0x67 -> Node 0
[    0.000000] SRAT: PXM 0 -> APIC 0x68 -> Node 0
[    0.000000] SRAT: PXM 0 -> APIC 0x69 -> Node 0
[    0.000000] SRAT: PXM 0 -> APIC 0x6a -> Node 0
[    0.000000] SRAT: PXM 0 -> APIC 0x6b -> Node 0
[    0.000000] SRAT: PXM 0 -> APIC 0x6c -> Node 0
[    0.000000] SRAT: PXM 0 -> APIC 0x6d -> Node 0
[    0.000000] SRAT: PXM 0 -> APIC 0x6e -> Node 0
[    0.000000] SRAT: PXM 0 -> APIC 0x6f -> Node 0
[    0.000000] SRAT: PXM 0 -> APIC 0x70 -> Node 0
[    0.000000] SRAT: PXM 0 -> APIC 0x71 -> Node 0
[    0.000000] SRAT: PXM 0 -> APIC 0x72 -> Node 0
[    0.000000] SRAT: PXM 0 -> APIC 0x73 -> Node 0
[    0.000000] SRAT: PXM 0 -> APIC 0x74 -> Node 0
[    0.000000] SRAT: PXM 0 -> APIC 0x75 -> Node 0
[    0.000000] SRAT: PXM 0 -> APIC 0x76 -> Node 0
[    0.000000] SRAT: PXM 0 -> APIC 0x77 -> Node 0
[    0.000000] SRAT: PXM 0 -> APIC 0x78 -> Node 0
[    0.000000] SRAT: PXM 0 -> APIC 0x79 -> Node 0
[    0.000000] SRAT: PXM 0 -> APIC 0x7a -> Node 0
[    0.000000] SRAT: PXM 0 -> APIC 0x7b -> Node 0
[    0.000000] SRAT: PXM 0 -> APIC 0x7c -> Node 0
[    0.000000] SRAT: PXM 0 -> APIC 0x7d -> Node 0
[    0.000000] SRAT: PXM 0 -> APIC 0x7e -> Node 0
[    0.000000] SRAT: PXM 0 -> APIC 0x7f -> Node 0
[    0.000000] SRAT: Node 0 PXM 0 [mem 0x00000000-0x0009ffff]
[    0.000000] SRAT: Node 0 PXM 0 [mem 0x00100000-0x0fffffff]
[    0.000000] SRAT: Node 0 PXM 0 [mem 0x10000000-0x7fffffff]
[    0.000000] SRAT: Node 0 PXM 0 [mem 0x80000000-0xbfffffff] hotplug
[    0.000000] NUMA: Node 0 [mem 0x00000000-0x0009ffff] + [mem 0x00100000-0x0fffffff] -> [mem 0x00000000-0x0fffffff]
[    0.000000] NUMA: Node 0 [mem 0x00000000-0x0fffffff] + [mem 0x10000000-0x7fffffff] -> [mem 0x00000000-0x7fffffff]
[    0.000000] NODE_DATA(0) allocated [mem 0x7fffb000-0x7fffffff]
[    0.000000]  [ffffea0000000000-ffffea0001ffffff] PMD -> [ffff88007d600000-ffff88007f5fffff] on node 0
[    0.000000] Zone ranges:
[    0.000000]   DMA      [mem 0x00001000-0x00ffffff]
[    0.000000]   DMA32    [mem 0x01000000-0x7fffffff]
[    0.000000]   Normal   empty
[    0.000000] Movable zone start for each node
[    0.000000] Early memory node ranges
[    0.000000]   node   0: [mem 0x00001000-0x0009dfff]
[    0.000000]   node   0: [mem 0x00100000-0x7fedffff]
[    0.000000]   node   0: [mem 0x7ff00000-0x7fffffff]
[    0.000000] Initmem setup node 0 [mem 0x00001000-0x7fffffff]
[    0.000000] On node 0 totalpages: 524157
[    0.000000]   DMA zone: 64 pages used for memmap
[    0.000000]   DMA zone: 21 pages reserved
[    0.000000]   DMA zone: 3997 pages, LIFO batch:0
[    0.000000]   DMA32 zone: 8128 pages used for memmap
[    0.000000]   DMA32 zone: 520160 pages, LIFO batch:31
[    0.000000] ACPI: PM-Timer IO Port: 0x1008
[    0.000000] ACPI: Local APIC address 0xfee00000
[    0.000000] system APIC only can use physical flat
[    0.000000] ACPI: LAPIC (acpi_id[0x00] lapic_id[0x00] enabled)
[    0.000000] ACPI: LAPIC (acpi_id[0x01] lapic_id[0x01] enabled)
[    0.000000] ACPI: LAPIC (acpi_id[0x02] lapic_id[0x02] disabled)
[    0.000000] ACPI: LAPIC (acpi_id[0x03] lapic_id[0x03] disabled)
[    0.000000] ACPI: LAPIC (acpi_id[0x04] lapic_id[0x04] disabled)
[    0.000000] ACPI: LAPIC (acpi_id[0x05] lapic_id[0x05] disabled)
[    0.000000] ACPI: LAPIC (acpi_id[0x06] lapic_id[0x06] disabled)
[    0.000000] ACPI: LAPIC (acpi_id[0x07] lapic_id[0x07] disabled)
[    0.000000] ACPI: LAPIC (acpi_id[0x08] lapic_id[0x08] disabled)
[    0.000000] ACPI: LAPIC (acpi_id[0x09] lapic_id[0x09] disabled)
[    0.000000] ACPI: LAPIC (acpi_id[0x0a] lapic_id[0x0a] disabled)
[    0.000000] ACPI: LAPIC (acpi_id[0x0b] lapic_id[0x0b] disabled)
[    0.000000] ACPI: LAPIC (acpi_id[0x0c] lapic_id[0x0c] disabled)
[    0.000000] ACPI: LAPIC (acpi_id[0x0d] lapic_id[0x0d] disabled)
[    0.000000] ACPI: LAPIC (acpi_id[0x0e] lapic_id[0x0e] disabled)
[    0.000000] ACPI: LAPIC (acpi_id[0x0f] lapic_id[0x0f] disabled)
[    0.000000] ACPI: LAPIC (acpi_id[0x10] lapic_id[0x10] disabled)
[    0.000000] ACPI: LAPIC (acpi_id[0x11] lapic_id[0x11] disabled)
[    0.000000] ACPI: LAPIC (acpi_id[0x12] lapic_id[0x12] disabled)
[    0.000000] ACPI: LAPIC (acpi_id[0x13] lapic_id[0x13] disabled)
[    0.000000] ACPI: LAPIC (acpi_id[0x14] lapic_id[0x14] disabled)
[    0.000000] ACPI: LAPIC (acpi_id[0x15] lapic_id[0x15] disabled)
[    0.000000] ACPI: LAPIC (acpi_id[0x16] lapic_id[0x16] disabled)
[    0.000000] ACPI: LAPIC (acpi_id[0x17] lapic_id[0x17] disabled)
[    0.000000] ACPI: LAPIC (acpi_id[0x18] lapic_id[0x18] disabled)
[    0.000000] ACPI: LAPIC (acpi_id[0x19] lapic_id[0x19] disabled)
[    0.000000] ACPI: LAPIC (acpi_id[0x1a] lapic_id[0x1a] disabled)
[    0.000000] ACPI: LAPIC (acpi_id[0x1b] lapic_id[0x1b] disabled)
[    0.000000] ACPI: LAPIC (acpi_id[0x1c] lapic_id[0x1c] disabled)
[    0.000000] ACPI: LAPIC (acpi_id[0x1d] lapic_id[0x1d] disabled)
[    0.000000] ACPI: LAPIC (acpi_id[0x1e] lapic_id[0x1e] disabled)
[    0.000000] ACPI: LAPIC (acpi_id[0x1f] lapic_id[0x1f] disabled)
[    0.000000] ACPI: LAPIC (acpi_id[0x20] lapic_id[0x20] disabled)
[    0.000000] ACPI: LAPIC (acpi_id[0x21] lapic_id[0x21] disabled)
[    0.000000] ACPI: LAPIC (acpi_id[0x22] lapic_id[0x22] disabled)
[    0.000000] ACPI: LAPIC (acpi_id[0x23] lapic_id[0x23] disabled)
[    0.000000] ACPI: LAPIC (acpi_id[0x24] lapic_id[0x24] disabled)
[    0.000000] ACPI: LAPIC (acpi_id[0x25] lapic_id[0x25] disabled)
[    0.000000] ACPI: LAPIC (acpi_id[0x26] lapic_id[0x26] disabled)
[    0.000000] ACPI: LAPIC (acpi_id[0x27] lapic_id[0x27] disabled)
[    0.000000] ACPI: LAPIC (acpi_id[0x28] lapic_id[0x28] disabled)
[    0.000000] ACPI: LAPIC (acpi_id[0x29] lapic_id[0x29] disabled)
[    0.000000] ACPI: LAPIC (acpi_id[0x2a] lapic_id[0x2a] disabled)
[    0.000000] ACPI: LAPIC (acpi_id[0x2b] lapic_id[0x2b] disabled)
[    0.000000] ACPI: LAPIC (acpi_id[0x2c] lapic_id[0x2c] disabled)
[    0.000000] ACPI: LAPIC (acpi_id[0x2d] lapic_id[0x2d] disabled)
[    0.000000] ACPI: LAPIC (acpi_id[0x2e] lapic_id[0x2e] disabled)
[    0.000000] ACPI: LAPIC (acpi_id[0x2f] lapic_id[0x2f] disabled)
[    0.000000] ACPI: LAPIC (acpi_id[0x30] lapic_id[0x30] disabled)
[    0.000000] ACPI: LAPIC (acpi_id[0x31] lapic_id[0x31] disabled)
[    0.000000] ACPI: LAPIC (acpi_id[0x32] lapic_id[0x32] disabled)
[    0.000000] ACPI: LAPIC (acpi_id[0x33] lapic_id[0x33] disabled)
[    0.000000] ACPI: LAPIC (acpi_id[0x34] lapic_id[0x34] disabled)
[    0.000000] ACPI: LAPIC (acpi_id[0x35] lapic_id[0x35] disabled)
[    0.000000] ACPI: LAPIC (acpi_id[0x36] lapic_id[0x36] disabled)
[    0.000000] ACPI: LAPIC (acpi_id[0x37] lapic_id[0x37] disabled)
[    0.000000] ACPI: LAPIC (acpi_id[0x38] lapic_id[0x38] disabled)
[    0.000000] ACPI: LAPIC (acpi_id[0x39] lapic_id[0x39] disabled)
[    0.000000] ACPI: LAPIC (acpi_id[0x3a] lapic_id[0x3a] disabled)
[    0.000000] ACPI: LAPIC (acpi_id[0x3b] lapic_id[0x3b] disabled)
[    0.000000] ACPI: LAPIC (acpi_id[0x3c] lapic_id[0x3c] disabled)
[    0.000000] ACPI: LAPIC (acpi_id[0x3d] lapic_id[0x3d] disabled)
[    0.000000] ACPI: LAPIC (acpi_id[0x3e] lapic_id[0x3e] disabled)
[    0.000000] ACPI: LAPIC (acpi_id[0x3f] lapic_id[0x3f] disabled)
[    0.000000] ACPI: LAPIC (acpi_id[0x40] lapic_id[0x40] disabled)
[    0.000000] ACPI: LAPIC (acpi_id[0x41] lapic_id[0x41] disabled)
[    0.000000] ACPI: LAPIC (acpi_id[0x42] lapic_id[0x42] disabled)
[    0.000000] ACPI: LAPIC (acpi_id[0x43] lapic_id[0x43] disabled)
[    0.000000] ACPI: LAPIC (acpi_id[0x44] lapic_id[0x44] disabled)
[    0.000000] ACPI: LAPIC (acpi_id[0x45] lapic_id[0x45] disabled)
[    0.000000] ACPI: LAPIC (acpi_id[0x46] lapic_id[0x46] disabled)
[    0.000000] ACPI: LAPIC (acpi_id[0x47] lapic_id[0x47] disabled)
[    0.000000] ACPI: LAPIC (acpi_id[0x48] lapic_id[0x48] disabled)
[    0.000000] ACPI: LAPIC (acpi_id[0x49] lapic_id[0x49] disabled)
[    0.000000] ACPI: LAPIC (acpi_id[0x4a] lapic_id[0x4a] disabled)
[    0.000000] ACPI: LAPIC (acpi_id[0x4b] lapic_id[0x4b] disabled)
[    0.000000] ACPI: LAPIC (acpi_id[0x4c] lapic_id[0x4c] disabled)
[    0.000000] ACPI: LAPIC (acpi_id[0x4d] lapic_id[0x4d] disabled)
[    0.000000] ACPI: LAPIC (acpi_id[0x4e] lapic_id[0x4e] disabled)
[    0.000000] ACPI: LAPIC (acpi_id[0x4f] lapic_id[0x4f] disabled)
[    0.000000] ACPI: LAPIC (acpi_id[0x50] lapic_id[0x50] disabled)
[    0.000000] ACPI: LAPIC (acpi_id[0x51] lapic_id[0x51] disabled)
[    0.000000] ACPI: LAPIC (acpi_id[0x52] lapic_id[0x52] disabled)
[    0.000000] ACPI: LAPIC (acpi_id[0x53] lapic_id[0x53] disabled)
[    0.000000] ACPI: LAPIC (acpi_id[0x54] lapic_id[0x54] disabled)
[    0.000000] ACPI: LAPIC (acpi_id[0x55] lapic_id[0x55] disabled)
[    0.000000] ACPI: LAPIC (acpi_id[0x56] lapic_id[0x56] disabled)
[    0.000000] ACPI: LAPIC (acpi_id[0x57] lapic_id[0x57] disabled)
[    0.000000] ACPI: LAPIC (acpi_id[0x58] lapic_id[0x58] disabled)
[    0.000000] ACPI: LAPIC (acpi_id[0x59] lapic_id[0x59] disabled)
[    0.000000] ACPI: LAPIC (acpi_id[0x5a] lapic_id[0x5a] disabled)
[    0.000000] ACPI: LAPIC (acpi_id[0x5b] lapic_id[0x5b] disabled)
[    0.000000] ACPI: LAPIC (acpi_id[0x5c] lapic_id[0x5c] disabled)
[    0.000000] ACPI: LAPIC (acpi_id[0x5d] lapic_id[0x5d] disabled)
[    0.000000] ACPI: LAPIC (acpi_id[0x5e] lapic_id[0x5e] disabled)
[    0.000000] ACPI: LAPIC (acpi_id[0x5f] lapic_id[0x5f] disabled)
[    0.000000] ACPI: LAPIC (acpi_id[0x60] lapic_id[0x60] disabled)
[    0.000000] ACPI: LAPIC (acpi_id[0x61] lapic_id[0x61] disabled)
[    0.000000] ACPI: LAPIC (acpi_id[0x62] lapic_id[0x62] disabled)
[    0.000000] ACPI: LAPIC (acpi_id[0x63] lapic_id[0x63] disabled)
[    0.000000] ACPI: LAPIC (acpi_id[0x64] lapic_id[0x64] disabled)
[    0.000000] ACPI: LAPIC (acpi_id[0x65] lapic_id[0x65] disabled)
[    0.000000] ACPI: LAPIC (acpi_id[0x66] lapic_id[0x66] disabled)
[    0.000000] ACPI: LAPIC (acpi_id[0x67] lapic_id[0x67] disabled)
[    0.000000] ACPI: LAPIC (acpi_id[0x68] lapic_id[0x68] disabled)
[    0.000000] ACPI: LAPIC (acpi_id[0x69] lapic_id[0x69] disabled)
[    0.000000] ACPI: LAPIC (acpi_id[0x6a] lapic_id[0x6a] disabled)
[    0.000000] ACPI: LAPIC (acpi_id[0x6b] lapic_id[0x6b] disabled)
[    0.000000] ACPI: LAPIC (acpi_id[0x6c] lapic_id[0x6c] disabled)
[    0.000000] ACPI: LAPIC (acpi_id[0x6d] lapic_id[0x6d] disabled)
[    0.000000] ACPI: LAPIC (acpi_id[0x6e] lapic_id[0x6e] disabled)
[    0.000000] ACPI: LAPIC (acpi_id[0x6f] lapic_id[0x6f] disabled)
[    0.000000] ACPI: LAPIC (acpi_id[0x70] lapic_id[0x70] disabled)
[    0.000000] ACPI: LAPIC (acpi_id[0x71] lapic_id[0x71] disabled)
[    0.000000] ACPI: LAPIC (acpi_id[0x72] lapic_id[0x72] disabled)
[    0.000000] ACPI: LAPIC (acpi_id[0x73] lapic_id[0x73] disabled)
[    0.000000] ACPI: LAPIC (acpi_id[0x74] lapic_id[0x74] disabled)
[    0.000000] ACPI: LAPIC (acpi_id[0x75] lapic_id[0x75] disabled)
[    0.000000] ACPI: LAPIC (acpi_id[0x76] lapic_id[0x76] disabled)
[    0.000000] ACPI: LAPIC (acpi_id[0x77] lapic_id[0x77] disabled)
[    0.000000] ACPI: LAPIC (acpi_id[0x78] lapic_id[0x78] disabled)
[    0.000000] ACPI: LAPIC (acpi_id[0x79] lapic_id[0x79] disabled)
[    0.000000] ACPI: LAPIC (acpi_id[0x7a] lapic_id[0x7a] disabled)
[    0.000000] ACPI: LAPIC (acpi_id[0x7b] lapic_id[0x7b] disabled)
[    0.000000] ACPI: LAPIC (acpi_id[0x7c] lapic_id[0x7c] disabled)
[    0.000000] ACPI: LAPIC (acpi_id[0x7d] lapic_id[0x7d] disabled)
[    0.000000] ACPI: LAPIC (acpi_id[0x7e] lapic_id[0x7e] disabled)
[    0.000000] ACPI: LAPIC (acpi_id[0x7f] lapic_id[0x7f] disabled)
[    0.000000] ACPI: LAPIC_NMI (acpi_id[0x00] high edge lint[0x1])
[    0.000000] ACPI: LAPIC_NMI (acpi_id[0x01] high edge lint[0x1])
[    0.000000] ACPI: LAPIC_NMI (acpi_id[0x02] high edge lint[0x1])
[    0.000000] ACPI: LAPIC_NMI (acpi_id[0x03] high edge lint[0x1])
[    0.000000] ACPI: LAPIC_NMI (acpi_id[0x04] high edge lint[0x1])
[    0.000000] ACPI: LAPIC_NMI (acpi_id[0x05] high edge lint[0x1])
[    0.000000] ACPI: LAPIC_NMI (acpi_id[0x06] high edge lint[0x1])
[    0.000000] ACPI: LAPIC_NMI (acpi_id[0x07] high edge lint[0x1])
[    0.000000] ACPI: LAPIC_NMI (acpi_id[0x08] high edge lint[0x1])
[    0.000000] ACPI: LAPIC_NMI (acpi_id[0x09] high edge lint[0x1])
[    0.000000] ACPI: LAPIC_NMI (acpi_id[0x0a] high edge lint[0x1])
[    0.000000] ACPI: LAPIC_NMI (acpi_id[0x0b] high edge lint[0x1])
[    0.000000] ACPI: LAPIC_NMI (acpi_id[0x0c] high edge lint[0x1])
[    0.000000] ACPI: LAPIC_NMI (acpi_id[0x0d] high edge lint[0x1])
[    0.000000] ACPI: LAPIC_NMI (acpi_id[0x0e] high edge lint[0x1])
[    0.000000] ACPI: LAPIC_NMI (acpi_id[0x0f] high edge lint[0x1])
[    0.000000] ACPI: LAPIC_NMI (acpi_id[0x10] high edge lint[0x1])
[    0.000000] ACPI: LAPIC_NMI (acpi_id[0x11] high edge lint[0x1])
[    0.000000] ACPI: LAPIC_NMI (acpi_id[0x12] high edge lint[0x1])
[    0.000000] ACPI: LAPIC_NMI (acpi_id[0x13] high edge lint[0x1])
[    0.000000] ACPI: LAPIC_NMI (acpi_id[0x14] high edge lint[0x1])
[    0.000000] ACPI: LAPIC_NMI (acpi_id[0x15] high edge lint[0x1])
[    0.000000] ACPI: LAPIC_NMI (acpi_id[0x16] high edge lint[0x1])
[    0.000000] ACPI: LAPIC_NMI (acpi_id[0x17] high edge lint[0x1])
[    0.000000] ACPI: LAPIC_NMI (acpi_id[0x18] high edge lint[0x1])
[    0.000000] ACPI: LAPIC_NMI (acpi_id[0x19] high edge lint[0x1])
[    0.000000] ACPI: LAPIC_NMI (acpi_id[0x1a] high edge lint[0x1])
[    0.000000] ACPI: LAPIC_NMI (acpi_id[0x1b] high edge lint[0x1])
[    0.000000] ACPI: LAPIC_NMI (acpi_id[0x1c] high edge lint[0x1])
[    0.000000] ACPI: LAPIC_NMI (acpi_id[0x1d] high edge lint[0x1])
[    0.000000] ACPI: LAPIC_NMI (acpi_id[0x1e] high edge lint[0x1])
[    0.000000] ACPI: LAPIC_NMI (acpi_id[0x1f] high edge lint[0x1])
[    0.000000] ACPI: LAPIC_NMI (acpi_id[0x20] high edge lint[0x1])
[    0.000000] ACPI: LAPIC_NMI (acpi_id[0x21] high edge lint[0x1])
[    0.000000] ACPI: LAPIC_NMI (acpi_id[0x22] high edge lint[0x1])
[    0.000000] ACPI: LAPIC_NMI (acpi_id[0x23] high edge lint[0x1])
[    0.000000] ACPI: LAPIC_NMI (acpi_id[0x24] high edge lint[0x1])
[    0.000000] ACPI: LAPIC_NMI (acpi_id[0x25] high edge lint[0x1])
[    0.000000] ACPI: LAPIC_NMI (acpi_id[0x26] high edge lint[0x1])
[    0.000000] ACPI: LAPIC_NMI (acpi_id[0x27] high edge lint[0x1])
[    0.000000] ACPI: LAPIC_NMI (acpi_id[0x28] high edge lint[0x1])
[    0.000000] ACPI: LAPIC_NMI (acpi_id[0x29] high edge lint[0x1])
[    0.000000] ACPI: LAPIC_NMI (acpi_id[0x2a] high edge lint[0x1])
[    0.000000] ACPI: LAPIC_NMI (acpi_id[0x2b] high edge lint[0x1])
[    0.000000] ACPI: LAPIC_NMI (acpi_id[0x2c] high edge lint[0x1])
[    0.000000] ACPI: LAPIC_NMI (acpi_id[0x2d] high edge lint[0x1])
[    0.000000] ACPI: LAPIC_NMI (acpi_id[0x2e] high edge lint[0x1])
[    0.000000] ACPI: LAPIC_NMI (acpi_id[0x2f] high edge lint[0x1])
[    0.000000] ACPI: LAPIC_NMI (acpi_id[0x30] high edge lint[0x1])
[    0.000000] ACPI: LAPIC_NMI (acpi_id[0x31] high edge lint[0x1])
[    0.000000] ACPI: LAPIC_NMI (acpi_id[0x32] high edge lint[0x1])
[    0.000000] ACPI: LAPIC_NMI (acpi_id[0x33] high edge lint[0x1])
[    0.000000] ACPI: LAPIC_NMI (acpi_id[0x34] high edge lint[0x1])
[    0.000000] ACPI: LAPIC_NMI (acpi_id[0x35] high edge lint[0x1])
[    0.000000] ACPI: LAPIC_NMI (acpi_id[0x36] high edge lint[0x1])
[    0.000000] ACPI: LAPIC_NMI (acpi_id[0x37] high edge lint[0x1])
[    0.000000] ACPI: LAPIC_NMI (acpi_id[0x38] high edge lint[0x1])
[    0.000000] ACPI: LAPIC_NMI (acpi_id[0x39] high edge lint[0x1])
[    0.000000] ACPI: LAPIC_NMI (acpi_id[0x3a] high edge lint[0x1])
[    0.000000] ACPI: LAPIC_NMI (acpi_id[0x3b] high edge lint[0x1])
[    0.000000] ACPI: LAPIC_NMI (acpi_id[0x3c] high edge lint[0x1])
[    0.000000] ACPI: LAPIC_NMI (acpi_id[0x3d] high edge lint[0x1])
[    0.000000] ACPI: LAPIC_NMI (acpi_id[0x3e] high edge lint[0x1])
[    0.000000] ACPI: LAPIC_NMI (acpi_id[0x3f] high edge lint[0x1])
[    0.000000] ACPI: LAPIC_NMI (acpi_id[0x40] high edge lint[0x1])
[    0.000000] ACPI: LAPIC_NMI (acpi_id[0x41] high edge lint[0x1])
[    0.000000] ACPI: LAPIC_NMI (acpi_id[0x42] high edge lint[0x1])
[    0.000000] ACPI: LAPIC_NMI (acpi_id[0x43] high edge lint[0x1])
[    0.000000] ACPI: LAPIC_NMI (acpi_id[0x44] high edge lint[0x1])
[    0.000000] ACPI: LAPIC_NMI (acpi_id[0x45] high edge lint[0x1])
[    0.000000] ACPI: LAPIC_NMI (acpi_id[0x46] high edge lint[0x1])
[    0.000000] ACPI: LAPIC_NMI (acpi_id[0x47] high edge lint[0x1])
[    0.000000] ACPI: LAPIC_NMI (acpi_id[0x48] high edge lint[0x1])
[    0.000000] ACPI: LAPIC_NMI (acpi_id[0x49] high edge lint[0x1])
[    0.000000] ACPI: LAPIC_NMI (acpi_id[0x4a] high edge lint[0x1])
[    0.000000] ACPI: LAPIC_NMI (acpi_id[0x4b] high edge lint[0x1])
[    0.000000] ACPI: LAPIC_NMI (acpi_id[0x4c] high edge lint[0x1])
[    0.000000] ACPI: LAPIC_NMI (acpi_id[0x4d] high edge lint[0x1])
[    0.000000] ACPI: LAPIC_NMI (acpi_id[0x4e] high edge lint[0x1])
[    0.000000] ACPI: LAPIC_NMI (acpi_id[0x4f] high edge lint[0x1])
[    0.000000] ACPI: LAPIC_NMI (acpi_id[0x50] high edge lint[0x1])
[    0.000000] ACPI: LAPIC_NMI (acpi_id[0x51] high edge lint[0x1])
[    0.000000] ACPI: LAPIC_NMI (acpi_id[0x52] high edge lint[0x1])
[    0.000000] ACPI: LAPIC_NMI (acpi_id[0x53] high edge lint[0x1])
[    0.000000] ACPI: LAPIC_NMI (acpi_id[0x54] high edge lint[0x1])
[    0.000000] ACPI: LAPIC_NMI (acpi_id[0x55] high edge lint[0x1])
[    0.000000] ACPI: LAPIC_NMI (acpi_id[0x56] high edge lint[0x1])
[    0.000000] ACPI: LAPIC_NMI (acpi_id[0x57] high edge lint[0x1])
[    0.000000] ACPI: LAPIC_NMI (acpi_id[0x58] high edge lint[0x1])
[    0.000000] ACPI: LAPIC_NMI (acpi_id[0x59] high edge lint[0x1])
[    0.000000] ACPI: LAPIC_NMI (acpi_id[0x5a] high edge lint[0x1])
[    0.000000] ACPI: LAPIC_NMI (acpi_id[0x5b] high edge lint[0x1])
[    0.000000] ACPI: LAPIC_NMI (acpi_id[0x5c] high edge lint[0x1])
[    0.000000] ACPI: LAPIC_NMI (acpi_id[0x5d] high edge lint[0x1])
[    0.000000] ACPI: LAPIC_NMI (acpi_id[0x5e] high edge lint[0x1])
[    0.000000] ACPI: LAPIC_NMI (acpi_id[0x5f] high edge lint[0x1])
[    0.000000] ACPI: LAPIC_NMI (acpi_id[0x60] high edge lint[0x1])
[    0.000000] ACPI: LAPIC_NMI (acpi_id[0x61] high edge lint[0x1])
[    0.000000] ACPI: LAPIC_NMI (acpi_id[0x62] high edge lint[0x1])
[    0.000000] ACPI: LAPIC_NMI (acpi_id[0x63] high edge lint[0x1])
[    0.000000] ACPI: LAPIC_NMI (acpi_id[0x64] high edge lint[0x1])
[    0.000000] ACPI: LAPIC_NMI (acpi_id[0x65] high edge lint[0x1])
[    0.000000] ACPI: LAPIC_NMI (acpi_id[0x66] high edge lint[0x1])
[    0.000000] ACPI: LAPIC_NMI (acpi_id[0x67] high edge lint[0x1])
[    0.000000] ACPI: LAPIC_NMI (acpi_id[0x68] high edge lint[0x1])
[    0.000000] ACPI: LAPIC_NMI (acpi_id[0x69] high edge lint[0x1])
[    0.000000] ACPI: LAPIC_NMI (acpi_id[0x6a] high edge lint[0x1])
[    0.000000] ACPI: LAPIC_NMI (acpi_id[0x6b] high edge lint[0x1])
[    0.000000] ACPI: LAPIC_NMI (acpi_id[0x6c] high edge lint[0x1])
[    0.000000] ACPI: LAPIC_NMI (acpi_id[0x6d] high edge lint[0x1])
[    0.000000] ACPI: LAPIC_NMI (acpi_id[0x6e] high edge lint[0x1])
[    0.000000] ACPI: LAPIC_NMI (acpi_id[0x6f] high edge lint[0x1])
[    0.000000] ACPI: LAPIC_NMI (acpi_id[0x70] high edge lint[0x1])
[    0.000000] ACPI: LAPIC_NMI (acpi_id[0x71] high edge lint[0x1])
[    0.000000] ACPI: LAPIC_NMI (acpi_id[0x72] high edge lint[0x1])
[    0.000000] ACPI: LAPIC_NMI (acpi_id[0x73] high edge lint[0x1])
[    0.000000] ACPI: LAPIC_NMI (acpi_id[0x74] high edge lint[0x1])
[    0.000000] ACPI: LAPIC_NMI (acpi_id[0x75] high edge lint[0x1])
[    0.000000] ACPI: LAPIC_NMI (acpi_id[0x76] high edge lint[0x1])
[    0.000000] ACPI: LAPIC_NMI (acpi_id[0x77] high edge lint[0x1])
[    0.000000] ACPI: LAPIC_NMI (acpi_id[0x78] high edge lint[0x1])
[    0.000000] ACPI: LAPIC_NMI (acpi_id[0x79] high edge lint[0x1])
[    0.000000] ACPI: LAPIC_NMI (acpi_id[0x7a] high edge lint[0x1])
[    0.000000] ACPI: LAPIC_NMI (acpi_id[0x7b] high edge lint[0x1])
[    0.000000] ACPI: LAPIC_NMI (acpi_id[0x7c] high edge lint[0x1])
[    0.000000] ACPI: LAPIC_NMI (acpi_id[0x7d] high edge lint[0x1])
[    0.000000] ACPI: LAPIC_NMI (acpi_id[0x7e] high edge lint[0x1])
[    0.000000] ACPI: LAPIC_NMI (acpi_id[0x7f] high edge lint[0x1])
[    0.000000] ACPI: IOAPIC (id[0x80] address[0xfec00000] gsi_base[0])
[    0.000000] IOAPIC[0]: apic_id 128, version 17, address 0xfec00000, GSI 0-23
[    0.000000] ACPI: INT_SRC_OVR (bus 0 bus_irq 0 global_irq 2 high edge)
[    0.000000] ACPI: IRQ0 used by override.
[    0.000000] ACPI: IRQ9 used by override.
[    0.000000] Using ACPI (MADT) for SMP configuration information
[    0.000000] ACPI: HPET id: 0x8086af01 base: 0xfed00000
[    0.000000] smpboot: Allowing 128 CPUs, 126 hotplug CPUs
[    0.000000] PM: Registered nosave memory: [mem 0x00000000-0x00000fff]
[    0.000000] PM: Registered nosave memory: [mem 0x0009e000-0x0009efff]
[    0.000000] PM: Registered nosave memory: [mem 0x0009f000-0x0009ffff]
[    0.000000] PM: Registered nosave memory: [mem 0x000a0000-0x000dbfff]
[    0.000000] PM: Registered nosave memory: [mem 0x000dc000-0x000fffff]
[    0.000000] PM: Registered nosave memory: [mem 0x7fee0000-0x7fefefff]
[    0.000000] PM: Registered nosave memory: [mem 0x7feff000-0x7fefffff]
[    0.000000] e820: [mem 0x80000000-0xefffffff] available for PCI devices
[    0.000000] Booting paravirtualized kernel on bare hardware
[    0.000000] setup_percpu: NR_CPUS:256 nr_cpumask_bits:256 nr_cpu_ids:128 nr_node_ids:1
[    0.000000] PERCPU: Embedded 31 pages/cpu @ffff88007c600000 s86144 r8192 d32640 u131072
[    0.000000] pcpu-alloc: s86144 r8192 d32640 u131072 alloc=1*2097152
[    0.000000] pcpu-alloc: [0] 000 001 002 003 004 005 006 007 008 009 010 011 012 013 014 015 
[    0.000000] pcpu-alloc: [0] 016 017 018 019 020 021 022 023 024 025 026 027 028 029 030 031 
[    0.000000] pcpu-alloc: [0] 032 033 034 035 036 037 038 039 040 041 042 043 044 045 046 047 
[    0.000000] pcpu-alloc: [0] 048 049 050 051 052 053 054 055 056 057 058 059 060 061 062 063 
[    0.000000] pcpu-alloc: [0] 064 065 066 067 068 069 070 071 072 073 074 075 076 077 078 079 
[    0.000000] pcpu-alloc: [0] 080 081 082 083 084 085 086 087 088 089 090 091 092 093 094 095 
[    0.000000] pcpu-alloc: [0] 096 097 098 099 100 101 102 103 104 105 106 107 108 109 110 111 
[    0.000000] pcpu-alloc: [0] 112 113 114 115 116 117 118 119 120 121 122 123 124 125 126 127 
[    0.000000] Built 1 zonelists in Node order, mobility grouping on.  Total pages: 515944
[    0.000000] Policy zone: DMA32
[    0.000000] Kernel command line: BOOT_IMAGE=/boot/vmlinuz-3.19.0-25-generic root=UUID=4ca5b3b4-2f4c-43c4-b427-86e435b8871e ro
[    0.000000] log_buf_len individual max cpu contribution: 4096 bytes
[    0.000000] log_buf_len total cpu_extra contributions: 520192 bytes
[    0.000000] log_buf_len min size: 262144 bytes
[    0.000000] log_buf_len: 1048576 bytes
[    0.000000] early log buf free: 227800(86%)
[    0.000000] PID hash table entries: 4096 (order: 3, 32768 bytes)
[    0.000000] xsave: enabled xstate_bv 0x7, cntxt size 0x340 using standard form
[    0.000000] AGP: Checking aperture...
[    0.000000] AGP: No AGP bridge found
[    0.000000] Calgary: detecting Calgary via BIOS EBDA area
[    0.000000] Calgary: Unable to locate Rio Grande table in EBDA - bailing!
[    0.000000] Memory: 2010908K/2096628K available (7918K kernel code, 1172K rwdata, 3752K rodata, 1408K init, 1292K bss, 85720K reserved, 0K cma-reserved)
[    0.000000] SLUB: HWalign=64, Order=0-3, MinObjects=0, CPUs=128, Nodes=1
[    0.000000] Hierarchical RCU implementation.
[    0.000000] 	RCU dyntick-idle grace-period acceleration is enabled.
[    0.000000] 	RCU restricting CPUs from NR_CPUS=256 to nr_cpu_ids=128.
[    0.000000] RCU: Adjusting geometry for rcu_fanout_leaf=16, nr_cpu_ids=128
[    0.000000] NR_IRQS:16640 nr_irqs:1448 16
[    0.000000] 	Offload RCU callbacks from all CPUs
[    0.000000] 	Offload RCU callbacks from CPUs: 0-127.
[    0.000000] Console: colour dummy device 80x25
[    0.000000] console [tty0] enabled
[    0.000000] hpet clockevent registered
[    0.000000] TSC freq read from hypervisor : 2601.000 MHz
[    0.000000] tsc: Detected 2601.000 MHz processor
[    0.000152] Calibrating delay loop (skipped) preset value.. 5202.00 BogoMIPS (lpj=10404000)
[    0.000157] pid_max: default: 131072 minimum: 1024
[    0.000166] ACPI: Core revision 20141107
[    0.012364] ACPI: All ACPI Tables successfully acquired
[    0.014650] Security Framework initialized
[    0.014744] AppArmor: AppArmor initialized
[    0.014747] Yama: becoming mindful.
[    0.014894] Dentry cache hash table entries: 262144 (order: 9, 2097152 bytes)
[    0.015499] Inode-cache hash table entries: 131072 (order: 8, 1048576 bytes)
[    0.015888] Mount-cache hash table entries: 4096 (order: 3, 32768 bytes)
[    0.015892] Mountpoint-cache hash table entries: 4096 (order: 3, 32768 bytes)
[    0.016174] Initializing cgroup subsys memory
[    0.016184] Initializing cgroup subsys devices
[    0.016187] Initializing cgroup subsys freezer
[    0.016190] Initializing cgroup subsys net_cls
[    0.016193] Initializing cgroup subsys blkio
[    0.016195] Initializing cgroup subsys perf_event
[    0.016200] Initializing cgroup subsys net_prio
[    0.016203] Initializing cgroup subsys hugetlb
[    0.016317] Disabled fast string operations
[    0.016321] CPU: Physical Processor ID: 0
[    0.016323] CPU: Processor Core ID: 0
[    0.016332] ENERGY_PERF_BIAS: Set to 'normal', was 'performance'
[    0.016332] ENERGY_PERF_BIAS: View and update with x86_energy_perf_policy(8)
[    0.016628] mce: CPU supports 0 MCE banks
[    0.016659] Last level iTLB entries: 4KB 512, 2MB 8, 4MB 8
[    0.016659] Last level dTLB entries: 4KB 512, 2MB 32, 4MB 32, 1GB 0
[    0.016890] Freeing SMP alternatives memory: 32K (ffffffff81e87000 - ffffffff81e8f000)
[    0.020992] ftrace: allocating 29988 entries in 118 pages
[    0.058370] Enabling x2apic
[    0.059228] Enabled x2apic
[    0.059956] Switched APIC routing to physical x2apic.
[    0.062773] ..TIMER: vector=0x30 apic1=0 pin1=2 apic2=-1 pin2=-1
[    0.102821] smpboot: CPU0: Intel(R) Core(TM) i5-3230M CPU @ 2.60GHz (fam: 06, model: 3a, stepping: 09)
[    0.102892] TSC deadline timer enabled
[    0.103061] Performance Events: 16-deep LBR, IvyBridge events, core PMU driver.
[    0.103114] perf_event_intel: CPUID marked event: 'cpu cycles' unavailable
[    0.103117] perf_event_intel: CPUID marked event: 'instructions' unavailable
[    0.103120] perf_event_intel: CPUID marked event: 'bus cycles' unavailable
[    0.103122] perf_event_intel: CPUID marked event: 'cache references' unavailable
[    0.103125] perf_event_intel: CPUID marked event: 'cache misses' unavailable
[    0.103127] perf_event_intel: CPUID marked event: 'branch instructions' unavailable
[    0.103130] perf_event_intel: CPUID marked event: 'branch misses' unavailable
[    0.103137] ... version:                1
[    0.103139] ... bit width:              48
[    0.103140] ... generic registers:      4
[    0.103141] ... value mask:             0000ffffffffffff
[    0.103142] ... max period:             000000007fffffff
[    0.103144] ... fixed-purpose events:   0
[    0.103145] ... event mask:             000000000000000f
[    0.107620] NMI watchdog: disabled (cpu0): hardware events not enabled
[    0.107862] x86: Booting SMP configuration:
[    0.107867] .... node  #0, CPUs:          #1
[    0.120501] Disabled fast string operations
[    0.120941] mce: CPU supports 0 MCE banks
[    0.121137] x86: Booted up 1 node, 2 CPUs
[    0.121151] smpboot: Total of 2 processors activated (10404.00 BogoMIPS)
[    0.123665] devtmpfs: initialized
[    0.127642] evm: security.selinux
[    0.127649] evm: security.SMACK64
[    0.127652] evm: security.SMACK64EXEC
[    0.127654] evm: security.SMACK64TRANSMUTE
[    0.127656] evm: security.SMACK64MMAP
[    0.127658] evm: security.ima
[    0.127660] evm: security.capability
[    0.127818] PM: Registering ACPI NVS region [mem 0x7feff000-0x7fefffff] (4096 bytes)
[    0.128316] pinctrl core: initialized pinctrl subsystem
[    0.128675] RTC time: 11:41:26, date: 12/22/15
[    0.129271] NET: Registered protocol family 16
[    0.134327] cpuidle: using governor ladder
[    0.139344] cpuidle: using governor menu
[    0.139438] ACPI: bus type PCI registered
[    0.139442] acpiphp: ACPI Hot Plug PCI Controller Driver version: 0.5
[    0.139744] PCI: MMCONFIG for domain 0000 [bus 00-7f] at [mem 0xf0000000-0xf7ffffff] (base 0xf0000000)
[    0.139749] PCI: MMCONFIG at [mem 0xf0000000-0xf7ffffff] reserved in E820
[    0.139949] PCI: Using configuration type 1 for base access
[    0.146461] ACPI: Added _OSI(Module Device)
[    0.146468] ACPI: Added _OSI(Processor Device)
[    0.146471] ACPI: Added _OSI(3.0 _SCP Extensions)
[    0.146473] ACPI: Added _OSI(Processor Aggregator Device)
[    0.155859] [Firmware Bug]: ACPI: BIOS _OSI(Linux) query ignored
[    0.169688] ACPI: Interpreter enabled
[    0.169701] ACPI Exception: AE_NOT_FOUND, While evaluating Sleep State [\_S2_] (20141107/hwxface-580)
[    0.169706] ACPI Exception: AE_NOT_FOUND, While evaluating Sleep State [\_S3_] (20141107/hwxface-580)
[    0.169714] ACPI: (supports S0 S1 S4 S5)
[    0.169716] ACPI: Using IOAPIC for interrupt routing
[    0.169744] PCI: Using host bridge windows from ACPI; if necessary, use "pci=nocrs" and report a bug
[    0.235137] ACPI: PCI Root Bridge [PCI0] (domain 0000 [bus 00-7f])
[    0.235147] acpi PNP0A03:00: _OSC: OS supports [ExtendedConfig ASPM ClockPM Segments MSI]
[    0.235316] acpi PNP0A03:00: _OSC: platform does not support [AER]
[    0.235478] acpi PNP0A03:00: _OSC: OS now controls [PCIeHotplug PME PCIeCapability]
[    0.237925] PCI host bridge to bus 0000:00
[    0.237932] pci_bus 0000:00: root bus resource [bus 00-7f]
[    0.237935] pci_bus 0000:00: root bus resource [mem 0x000a0000-0x000bffff]
[    0.237937] pci_bus 0000:00: root bus resource [mem 0x000cc000-0x000cffff]
[    0.237938] pci_bus 0000:00: root bus resource [mem 0x000d0000-0x000d3fff]
[    0.237940] pci_bus 0000:00: root bus resource [mem 0x000d4000-0x000d7fff]
[    0.237942] pci_bus 0000:00: root bus resource [mem 0x000d8000-0x000dbfff]
[    0.237944] pci_bus 0000:00: root bus resource [mem 0xc0000000-0xfebfffff]
[    0.237946] pci_bus 0000:00: root bus resource [io  0x0000-0x0cf7]
[    0.237948] pci_bus 0000:00: root bus resource [io  0x0d00-0xfeff]
[    0.238008] pci 0000:00:00.0: [8086:7190] type 00 class 0x060000
[    0.238592] pci 0000:00:01.0: [8086:7191] type 01 class 0x060400
[    0.239055] pci 0000:00:07.0: [8086:7110] type 00 class 0x060100
[    0.240067] pci 0000:00:07.1: [8086:7111] type 00 class 0x01018a
[    0.242902] pci 0000:00:07.1: reg 0x20: [io  0x1060-0x106f]
[    0.243570] pci 0000:00:07.1: legacy IDE quirk: reg 0x10: [io  0x01f0-0x01f7]
[    0.243575] pci 0000:00:07.1: legacy IDE quirk: reg 0x14: [io  0x03f6]
[    0.243577] pci 0000:00:07.1: legacy IDE quirk: reg 0x18: [io  0x0170-0x0177]
[    0.243579] pci 0000:00:07.1: legacy IDE quirk: reg 0x1c: [io  0x0376]
[    0.243812] pci 0000:00:07.3: [8086:7113] type 00 class 0x068000
[    0.245666] pci 0000:00:07.3: can't claim BAR 13 [io  0x1000-0x103f]: address conflict with ACPI PM1a_EVT_BLK [io  0x1000-0x1003]
[    0.245688] pci 0000:00:07.3: quirk: [io  0x1040-0x104f] claimed by PIIX4 SMB
[    0.246149] pci 0000:00:07.7: [15ad:0740] type 00 class 0x088000
[    0.246930] pci 0000:00:07.7: reg 0x10: [io  0x1080-0x10bf]
[    0.247559] pci 0000:00:07.7: reg 0x14: [mem 0xfebfe000-0xfebfffff 64bit]
[    0.250462] pci 0000:00:0f.0: [15ad:0405] type 00 class 0x030000
[    0.260678] pci 0000:00:0f.0: reg 0x10: [io  0x1070-0x107f]
[    0.269459] pci 0000:00:0f.0: reg 0x14: [mem 0xe8000000-0xefffffff pref]
[    0.277909] pci 0000:00:0f.0: reg 0x18: [mem 0xfe000000-0xfe7fffff]
[    0.323791] pci 0000:00:0f.0: reg 0x30: [mem 0x00000000-0x00007fff pref]
[    0.324536] pci 0000:00:10.0: [1000:0030] type 00 class 0x010000
[    0.325864] pci 0000:00:10.0: reg 0x10: [io  0x1400-0x14ff]
[    0.326971] pci 0000:00:10.0: reg 0x14: [mem 0xfeba0000-0xfebbffff 64bit]
[    0.328494] pci 0000:00:10.0: reg 0x1c: [mem 0xfebc0000-0xfebdffff 64bit]
[    0.331427] pci 0000:00:10.0: reg 0x30: [mem 0x00000000-0x00003fff pref]
[    0.331898] pci 0000:00:11.0: [15ad:0790] type 01 class 0x060401
[    0.332560] pci 0000:00:11.0: System wakeup disabled by ACPI
[    0.332829] pci 0000:00:15.0: [15ad:07a0] type 01 class 0x060400
[    0.333819] pci 0000:00:15.0: PME# supported from D0 D3hot D3cold
[    0.334138] pci 0000:00:15.0: System wakeup disabled by ACPI
[    0.334346] pci 0000:00:15.1: [15ad:07a0] type 01 class 0x060400
[    0.335255] pci 0000:00:15.1: PME# supported from D0 D3hot D3cold
[    0.335513] pci 0000:00:15.1: System wakeup disabled by ACPI
[    0.335730] pci 0000:00:15.2: [15ad:07a0] type 01 class 0x060400
[    0.336813] pci 0000:00:15.2: PME# supported from D0 D3hot D3cold
[    0.337142] pci 0000:00:15.2: System wakeup disabled by ACPI
[    0.337370] pci 0000:00:15.3: [15ad:07a0] type 01 class 0x060400
[    0.338205] pci 0000:00:15.3: PME# supported from D0 D3hot D3cold
[    0.338392] pci 0000:00:15.3: System wakeup disabled by ACPI
[    0.338537] pci 0000:00:15.4: [15ad:07a0] type 01 class 0x060400
[    0.339327] pci 0000:00:15.4: PME# supported from D0 D3hot D3cold
[    0.339644] pci 0000:00:15.4: System wakeup disabled by ACPI
[    0.339878] pci 0000:00:15.5: [15ad:07a0] type 01 class 0x060400
[    0.340782] pci 0000:00:15.5: PME# supported from D0 D3hot D3cold
[    0.341067] pci 0000:00:15.5: System wakeup disabled by ACPI
[    0.341284] pci 0000:00:15.6: [15ad:07a0] type 01 class 0x060400
[    0.342203] pci 0000:00:15.6: PME# supported from D0 D3hot D3cold
[    0.342468] pci 0000:00:15.6: System wakeup disabled by ACPI
[    0.342689] pci 0000:00:15.7: [15ad:07a0] type 01 class 0x060400
[    0.343604] pci 0000:00:15.7: PME# supported from D0 D3hot D3cold
[    0.343863] pci 0000:00:15.7: System wakeup disabled by ACPI
[    0.344100] pci 0000:00:16.0: [15ad:07a0] type 01 class 0x060400
[    0.345050] pci 0000:00:16.0: PME# supported from D0 D3hot D3cold
[    0.345321] pci 0000:00:16.0: System wakeup disabled by ACPI
[    0.345531] pci 0000:00:16.1: [15ad:07a0] type 01 class 0x060400
[    0.346408] pci 0000:00:16.1: PME# supported from D0 D3hot D3cold
[    0.346647] pci 0000:00:16.1: System wakeup disabled by ACPI
[    0.346828] pci 0000:00:16.2: [15ad:07a0] type 01 class 0x060400
[    0.347732] pci 0000:00:16.2: PME# supported from D0 D3hot D3cold
[    0.347986] pci 0000:00:16.2: System wakeup disabled by ACPI
[    0.348174] pci 0000:00:16.3: [15ad:07a0] type 01 class 0x060400
[    0.349113] pci 0000:00:16.3: PME# supported from D0 D3hot D3cold
[    0.349747] pci 0000:00:16.3: System wakeup disabled by ACPI
[    0.349982] pci 0000:00:16.4: [15ad:07a0] type 01 class 0x060400
[    0.351186] pci 0000:00:16.4: PME# supported from D0 D3hot D3cold
[    0.351449] pci 0000:00:16.4: System wakeup disabled by ACPI
[    0.351644] pci 0000:00:16.5: [15ad:07a0] type 01 class 0x060400
[    0.352526] pci 0000:00:16.5: PME# supported from D0 D3hot D3cold
[    0.352805] pci 0000:00:16.5: System wakeup disabled by ACPI
[    0.353105] pci 0000:00:16.6: [15ad:07a0] type 01 class 0x060400
[    0.354212] pci 0000:00:16.6: PME# supported from D0 D3hot D3cold
[    0.354494] pci 0000:00:16.6: System wakeup disabled by ACPI
[    0.354740] pci 0000:00:16.7: [15ad:07a0] type 01 class 0x060400
[    0.355665] pci 0000:00:16.7: PME# supported from D0 D3hot D3cold
[    0.355989] pci 0000:00:16.7: System wakeup disabled by ACPI
[    0.356219] pci 0000:00:17.0: [15ad:07a0] type 01 class 0x060400
[    0.357210] pci 0000:00:17.0: PME# supported from D0 D3hot D3cold
[    0.357496] pci 0000:00:17.0: System wakeup disabled by ACPI
[    0.357764] pci 0000:00:17.1: [15ad:07a0] type 01 class 0x060400
[    0.358902] pci 0000:00:17.1: PME# supported from D0 D3hot D3cold
[    0.359182] pci 0000:00:17.1: System wakeup disabled by ACPI
[    0.359408] pci 0000:00:17.2: [15ad:07a0] type 01 class 0x060400
[    0.360371] pci 0000:00:17.2: PME# supported from D0 D3hot D3cold
[    0.360625] pci 0000:00:17.2: System wakeup disabled by ACPI
[    0.360815] pci 0000:00:17.3: [15ad:07a0] type 01 class 0x060400
[    0.361713] pci 0000:00:17.3: PME# supported from D0 D3hot D3cold
[    0.362007] pci 0000:00:17.3: System wakeup disabled by ACPI
[    0.362647] pci 0000:00:17.4: [15ad:07a0] type 01 class 0x060400
[    0.364255] pci 0000:00:17.4: PME# supported from D0 D3hot D3cold
[    0.364552] pci 0000:00:17.4: System wakeup disabled by ACPI
[    0.364811] pci 0000:00:17.5: [15ad:07a0] type 01 class 0x060400
[    0.365939] pci 0000:00:17.5: PME# supported from D0 D3hot D3cold
[    0.366255] pci 0000:00:17.5: System wakeup disabled by ACPI
[    0.366449] pci 0000:00:17.6: [15ad:07a0] type 01 class 0x060400
[    0.367322] pci 0000:00:17.6: PME# supported from D0 D3hot D3cold
[    0.367565] pci 0000:00:17.6: System wakeup disabled by ACPI
[    0.367818] pci 0000:00:17.7: [15ad:07a0] type 01 class 0x060400
[    0.368817] pci 0000:00:17.7: PME# supported from D0 D3hot D3cold
[    0.369170] pci 0000:00:17.7: System wakeup disabled by ACPI
[    0.369386] pci 0000:00:18.0: [15ad:07a0] type 01 class 0x060400
[    0.370698] pci 0000:00:18.0: PME# supported from D0 D3hot D3cold
[    0.370986] pci 0000:00:18.0: System wakeup disabled by ACPI
[    0.371181] pci 0000:00:18.1: [15ad:07a0] type 01 class 0x060400
[    0.371852] pci 0000:00:18.1: PME# supported from D0 D3hot D3cold
[    0.372040] pci 0000:00:18.1: System wakeup disabled by ACPI
[    0.372196] pci 0000:00:18.2: [15ad:07a0] type 01 class 0x060400
[    0.372856] pci 0000:00:18.2: PME# supported from D0 D3hot D3cold
[    0.373066] pci 0000:00:18.2: System wakeup disabled by ACPI
[    0.373210] pci 0000:00:18.3: [15ad:07a0] type 01 class 0x060400
[    0.373876] pci 0000:00:18.3: PME# supported from D0 D3hot D3cold
[    0.374044] pci 0000:00:18.3: System wakeup disabled by ACPI
[    0.374176] pci 0000:00:18.4: [15ad:07a0] type 01 class 0x060400
[    0.374830] pci 0000:00:18.4: PME# supported from D0 D3hot D3cold
[    0.375148] pci 0000:00:18.4: System wakeup disabled by ACPI
[    0.375367] pci 0000:00:18.5: [15ad:07a0] type 01 class 0x060400
[    0.376319] pci 0000:00:18.5: PME# supported from D0 D3hot D3cold
[    0.376576] pci 0000:00:18.5: System wakeup disabled by ACPI
[    0.376787] pci 0000:00:18.6: [15ad:07a0] type 01 class 0x060400
[    0.378665] pci 0000:00:18.6: PME# supported from D0 D3hot D3cold
[    0.378979] pci 0000:00:18.6: System wakeup disabled by ACPI
[    0.379217] pci 0000:00:18.7: [15ad:07a0] type 01 class 0x060400
[    0.380159] pci 0000:00:18.7: PME# supported from D0 D3hot D3cold
[    0.380407] pci 0000:00:18.7: System wakeup disabled by ACPI
[    0.381038] pci 0000:00:01.0: PCI bridge to [bus 01]
[    0.381449] acpiphp: Slot [32] registered
[    0.381479] acpiphp: Slot [33] registered
[    0.381502] acpiphp: Slot [34] registered
[    0.381524] acpiphp: Slot [35] registered
[    0.381546] acpiphp: Slot [36] registered
[    0.381570] acpiphp: Slot [37] registered
[    0.381592] acpiphp: Slot [38] registered
[    0.381613] acpiphp: Slot [39] registered
[    0.381633] acpiphp: Slot [40] registered
[    0.381654] acpiphp: Slot [41] registered
[    0.381674] acpiphp: Slot [42] registered
[    0.381695] acpiphp: Slot [43] registered
[    0.381715] acpiphp: Slot [44] registered
[    0.381736] acpiphp: Slot [45] registered
[    0.381756] acpiphp: Slot [46] registered
[    0.381781] acpiphp: Slot [47] registered
[    0.381802] acpiphp: Slot [48] registered
[    0.381823] acpiphp: Slot [49] registered
[    0.381844] acpiphp: Slot [50] registered
[    0.381887] acpiphp: Slot [51] registered
[    0.381910] acpiphp: Slot [52] registered
[    0.381930] acpiphp: Slot [53] registered
[    0.381951] acpiphp: Slot [54] registered
[    0.381972] acpiphp: Slot [55] registered
[    0.381993] acpiphp: Slot [56] registered
[    0.382013] acpiphp: Slot [57] registered
[    0.382040] acpiphp: Slot [58] registered
[    0.382061] acpiphp: Slot [59] registered
[    0.382086] acpiphp: Slot [60] registered
[    0.382107] acpiphp: Slot [61] registered
[    0.382128] acpiphp: Slot [62] registered
[    0.382149] acpiphp: Slot [63] registered
[    0.382225] pci 0000:02:00.0: [15ad:0774] type 00 class 0x0c0300
[    0.383501] pci 0000:02:00.0: reg 0x20: [io  0x2080-0x209f]
[    0.384313] pci 0000:02:00.0: System wakeup disabled by ACPI
[    0.384424] pci 0000:02:01.0: [8086:100f] type 00 class 0x020000
[    0.385489] pci 0000:02:01.0: reg 0x10: [mem 0xfd5c0000-0xfd5dffff 64bit]
[    0.388082] pci 0000:02:01.0: reg 0x18: [mem 0xfdff0000-0xfdffffff 64bit]
[    0.389715] pci 0000:02:01.0: reg 0x20: [io  0x2000-0x203f]
[    0.392495] pci 0000:02:01.0: reg 0x30: [mem 0x00000000-0x0000ffff pref]
[    0.392920] pci 0000:02:01.0: System wakeup disabled by ACPI
[    0.393046] pci 0000:02:02.0: [1274:1371] type 00 class 0x040100
[    0.393411] pci 0000:02:02.0: reg 0x10: [io  0x2040-0x207f]
[    0.396328] pci 0000:02:02.0: System wakeup disabled by ACPI
[    0.396521] pci 0000:02:03.0: [15ad:0770] type 00 class 0x0c0320
[    0.397254] pci 0000:02:03.0: reg 0x10: [mem 0xfd5ef000-0xfd5effff]
[    0.400602] pci 0000:02:03.0: System wakeup disabled by ACPI
[    0.400786] pci 0000:02:05.0: [15ad:07e0] type 00 class 0x010601
[    0.404198] pci 0000:02:05.0: reg 0x24: [mem 0xfd5ee000-0xfd5eefff]
[    0.404671] pci 0000:02:05.0: reg 0x30: [mem 0x00000000-0x0000ffff pref]
[    0.405104] pci 0000:02:05.0: PME# supported from D3hot
[    0.405250] pci 0000:02:05.0: System wakeup disabled by ACPI
[    0.405535] pci 0000:00:11.0: PCI bridge to [bus 02] (subtractive decode)
[    0.405557] pci 0000:00:11.0:   bridge window [io  0x2000-0x3fff]
[    0.405576] pci 0000:00:11.0:   bridge window [mem 0xfd500000-0xfdffffff]
[    0.405612] pci 0000:00:11.0:   bridge window [mem 0xe7b00000-0xe7ffffff 64bit pref]
[    0.405615] pci 0000:00:11.0:   bridge window [mem 0x000a0000-0x000bffff] (subtractive decode)
[    0.405616] pci 0000:00:11.0:   bridge window [mem 0x000cc000-0x000cffff] (subtractive decode)
[    0.405617] pci 0000:00:11.0:   bridge window [mem 0x000d0000-0x000d3fff] (subtractive decode)
[    0.405618] pci 0000:00:11.0:   bridge window [mem 0x000d4000-0x000d7fff] (subtractive decode)
[    0.405619] pci 0000:00:11.0:   bridge window [mem 0x000d8000-0x000dbfff] (subtractive decode)
[    0.405621] pci 0000:00:11.0:   bridge window [mem 0xc0000000-0xfebfffff] (subtractive decode)
[    0.405622] pci 0000:00:11.0:   bridge window [io  0x0000-0x0cf7] (subtractive decode)
[    0.405623] pci 0000:00:11.0:   bridge window [io  0x0d00-0xfeff] (subtractive decode)
[    0.406058] pci 0000:00:15.0: PCI bridge to [bus 03]
[    0.406079] pci 0000:00:15.0:   bridge window [io  0x4000-0x4fff]
[    0.406098] pci 0000:00:15.0:   bridge window [mem 0xfd400000-0xfd4fffff]
[    0.406134] pci 0000:00:15.0:   bridge window [mem 0xe7a00000-0xe7afffff 64bit pref]
[    0.406530] pci 0000:00:15.1: PCI bridge to [bus 04]
[    0.406551] pci 0000:00:15.1:   bridge window [io  0x8000-0x8fff]
[    0.406570] pci 0000:00:15.1:   bridge window [mem 0xfd000000-0xfd0fffff]
[    0.406606] pci 0000:00:15.1:   bridge window [mem 0xe7600000-0xe76fffff 64bit pref]
[    0.407054] pci 0000:00:15.2: PCI bridge to [bus 05]
[    0.407075] pci 0000:00:15.2:   bridge window [io  0xc000-0xcfff]
[    0.407094] pci 0000:00:15.2:   bridge window [mem 0xfcc00000-0xfccfffff]
[    0.407130] pci 0000:00:15.2:   bridge window [mem 0xe7200000-0xe72fffff 64bit pref]
[    0.407516] pci 0000:00:15.3: PCI bridge to [bus 06]
[    0.407553] pci 0000:00:15.3:   bridge window [mem 0xfc800000-0xfc8fffff]
[    0.407589] pci 0000:00:15.3:   bridge window [mem 0xe6e00000-0xe6efffff 64bit pref]
[    0.408377] pci 0000:00:15.4: PCI bridge to [bus 07]
[    0.408432] pci 0000:00:15.4:   bridge window [mem 0xfc400000-0xfc4fffff]
[    0.408508] pci 0000:00:15.4:   bridge window [mem 0xe6a00000-0xe6afffff 64bit pref]
[    0.409291] pci 0000:00:15.5: PCI bridge to [bus 08]
[    0.409343] pci 0000:00:15.5:   bridge window [mem 0xfc000000-0xfc0fffff]
[    0.409391] pci 0000:00:15.5:   bridge window [mem 0xe6600000-0xe66fffff 64bit pref]
[    0.410032] pci 0000:00:15.6: PCI bridge to [bus 09]
[    0.410071] pci 0000:00:15.6:   bridge window [mem 0xfbc00000-0xfbcfffff]
[    0.410108] pci 0000:00:15.6:   bridge window [mem 0xe6200000-0xe62fffff 64bit pref]
[    0.410519] pci 0000:00:15.7: PCI bridge to [bus 0a]
[    0.410558] pci 0000:00:15.7:   bridge window [mem 0xfb800000-0xfb8fffff]
[    0.410594] pci 0000:00:15.7:   bridge window [mem 0xe5e00000-0xe5efffff 64bit pref]
[    0.411161] pci 0000:00:16.0: PCI bridge to [bus 0b]
[    0.411187] pci 0000:00:16.0:   bridge window [io  0x5000-0x5fff]
[    0.411207] pci 0000:00:16.0:   bridge window [mem 0xfd300000-0xfd3fffff]
[    0.411244] pci 0000:00:16.0:   bridge window [mem 0xe7900000-0xe79fffff 64bit pref]
[    0.411732] pci 0000:00:16.1: PCI bridge to [bus 0c]
[    0.411755] pci 0000:00:16.1:   bridge window [io  0x9000-0x9fff]
[    0.411775] pci 0000:00:16.1:   bridge window [mem 0xfcf00000-0xfcffffff]
[    0.411811] pci 0000:00:16.1:   bridge window [mem 0xe7500000-0xe75fffff 64bit pref]
[    0.412220] pci 0000:00:16.2: PCI bridge to [bus 0d]
[    0.412241] pci 0000:00:16.2:   bridge window [io  0xd000-0xdfff]
[    0.412260] pci 0000:00:16.2:   bridge window [mem 0xfcb00000-0xfcbfffff]
[    0.412296] pci 0000:00:16.2:   bridge window [mem 0xe7100000-0xe71fffff 64bit pref]
[    0.412681] pci 0000:00:16.3: PCI bridge to [bus 0e]
[    0.412738] pci 0000:00:16.3:   bridge window [mem 0xfc700000-0xfc7fffff]
[    0.412775] pci 0000:00:16.3:   bridge window [mem 0xe6d00000-0xe6dfffff 64bit pref]
[    0.413165] pci 0000:00:16.4: PCI bridge to [bus 0f]
[    0.413202] pci 0000:00:16.4:   bridge window [mem 0xfc300000-0xfc3fffff]
[    0.413238] pci 0000:00:16.4:   bridge window [mem 0xe6900000-0xe69fffff 64bit pref]
[    0.413628] pci 0000:00:16.5: PCI bridge to [bus 10]
[    0.413665] pci 0000:00:16.5:   bridge window [mem 0xfbf00000-0xfbffffff]
[    0.413702] pci 0000:00:16.5:   bridge window [mem 0xe6500000-0xe65fffff 64bit pref]
[    0.414098] pci 0000:00:16.6: PCI bridge to [bus 11]
[    0.414136] pci 0000:00:16.6:   bridge window [mem 0xfbb00000-0xfbbfffff]
[    0.414172] pci 0000:00:16.6:   bridge window [mem 0xe6100000-0xe61fffff 64bit pref]
[    0.414559] pci 0000:00:16.7: PCI bridge to [bus 12]
[    0.414596] pci 0000:00:16.7:   bridge window [mem 0xfb700000-0xfb7fffff]
[    0.414633] pci 0000:00:16.7:   bridge window [mem 0xe5d00000-0xe5dfffff 64bit pref]
[    0.415035] pci 0000:00:17.0: PCI bridge to [bus 13]
[    0.415055] pci 0000:00:17.0:   bridge window [io  0x6000-0x6fff]
[    0.415074] pci 0000:00:17.0:   bridge window [mem 0xfd200000-0xfd2fffff]
[    0.415111] pci 0000:00:17.0:   bridge window [mem 0xe7800000-0xe78fffff 64bit pref]
[    0.415493] pci 0000:00:17.1: PCI bridge to [bus 14]
[    0.415514] pci 0000:00:17.1:   bridge window [io  0xa000-0xafff]
[    0.415533] pci 0000:00:17.1:   bridge window [mem 0xfce00000-0xfcefffff]
[    0.415569] pci 0000:00:17.1:   bridge window [mem 0xe7400000-0xe74fffff 64bit pref]
[    0.415974] pci 0000:00:17.2: PCI bridge to [bus 15]
[    0.415995] pci 0000:00:17.2:   bridge window [io  0xe000-0xefff]
[    0.416014] pci 0000:00:17.2:   bridge window [mem 0xfca00000-0xfcafffff]
[    0.416050] pci 0000:00:17.2:   bridge window [mem 0xe7000000-0xe70fffff 64bit pref]
[    0.416440] pci 0000:00:17.3: PCI bridge to [bus 16]
[    0.416477] pci 0000:00:17.3:   bridge window [mem 0xfc600000-0xfc6fffff]
[    0.416513] pci 0000:00:17.3:   bridge window [mem 0xe6c00000-0xe6cfffff 64bit pref]
[    0.416905] pci 0000:00:17.4: PCI bridge to [bus 17]
[    0.416943] pci 0000:00:17.4:   bridge window [mem 0xfc200000-0xfc2fffff]
[    0.416979] pci 0000:00:17.4:   bridge window [mem 0xe6800000-0xe68fffff 64bit pref]
[    0.417361] pci 0000:00:17.5: PCI bridge to [bus 18]
[    0.417398] pci 0000:00:17.5:   bridge window [mem 0xfbe00000-0xfbefffff]
[    0.417435] pci 0000:00:17.5:   bridge window [mem 0xe6400000-0xe64fffff 64bit pref]
[    0.417835] pci 0000:00:17.6: PCI bridge to [bus 19]
[    0.417872] pci 0000:00:17.6:   bridge window [mem 0xfba00000-0xfbafffff]
[    0.417908] pci 0000:00:17.6:   bridge window [mem 0xe6000000-0xe60fffff 64bit pref]
[    0.418292] pci 0000:00:17.7: PCI bridge to [bus 1a]
[    0.418329] pci 0000:00:17.7:   bridge window [mem 0xfb600000-0xfb6fffff]
[    0.418365] pci 0000:00:17.7:   bridge window [mem 0xe5c00000-0xe5cfffff 64bit pref]
[    0.418753] pci 0000:00:18.0: PCI bridge to [bus 1b]
[    0.418774] pci 0000:00:18.0:   bridge window [io  0x7000-0x7fff]
[    0.418793] pci 0000:00:18.0:   bridge window [mem 0xfd100000-0xfd1fffff]
[    0.418841] pci 0000:00:18.0:   bridge window [mem 0xe7700000-0xe77fffff 64bit pref]
[    0.419225] pci 0000:00:18.1: PCI bridge to [bus 1c]
[    0.419369] pci 0000:00:18.1:   bridge window [io  0xb000-0xbfff]
[    0.419396] pci 0000:00:18.1:   bridge window [mem 0xfcd00000-0xfcdfffff]
[    0.419445] pci 0000:00:18.1:   bridge window [mem 0xe7300000-0xe73fffff 64bit pref]
[    0.420059] pci 0000:00:18.2: PCI bridge to [bus 1d]
[    0.420117] pci 0000:00:18.2:   bridge window [mem 0xfc900000-0xfc9fffff]
[    0.420167] pci 0000:00:18.2:   bridge window [mem 0xe6f00000-0xe6ffffff 64bit pref]
[    0.421094] pci 0000:00:18.3: PCI bridge to [bus 1e]
[    0.421149] pci 0000:00:18.3:   bridge window [mem 0xfc500000-0xfc5fffff]
[    0.421198] pci 0000:00:18.3:   bridge window [mem 0xe6b00000-0xe6bfffff 64bit pref]
[    0.421696] pci 0000:00:18.4: PCI bridge to [bus 1f]
[    0.421736] pci 0000:00:18.4:   bridge window [mem 0xfc100000-0xfc1fffff]
[    0.421773] pci 0000:00:18.4:   bridge window [mem 0xe6700000-0xe67fffff 64bit pref]
[    0.422327] pci 0000:00:18.5: PCI bridge to [bus 20]
[    0.422380] pci 0000:00:18.5:   bridge window [mem 0xfbd00000-0xfbdfffff]
[    0.422430] pci 0000:00:18.5:   bridge window [mem 0xe6300000-0xe63fffff 64bit pref]
[    0.422924] pci 0000:00:18.6: PCI bridge to [bus 21]
[    0.422965] pci 0000:00:18.6:   bridge window [mem 0xfb900000-0xfb9fffff]
[    0.423002] pci 0000:00:18.6:   bridge window [mem 0xe5f00000-0xe5ffffff 64bit pref]
[    0.423428] pci 0000:00:18.7: PCI bridge to [bus 22]
[    0.423466] pci 0000:00:18.7:   bridge window [mem 0xfb500000-0xfb5fffff]
[    0.423503] pci 0000:00:18.7:   bridge window [mem 0xe5b00000-0xe5bfffff 64bit pref]
[    0.426918] ACPI: PCI Interrupt Link [LNKA] (IRQs 3 4 5 6 7 *9 10 11 14 15)
[    0.427001] ACPI: PCI Interrupt Link [LNKB] (IRQs 3 4 5 6 7 9 10 *11 14 15)
[    0.427074] ACPI: PCI Interrupt Link [LNKC] (IRQs 3 4 5 6 7 9 *10 11 14 15)
[    0.427148] ACPI: PCI Interrupt Link [LNKD] (IRQs 3 4 5 6 *7 9 10 11 14 15)
[    0.438822] ACPI: Enabled 2 GPEs in block 00 to 0F
[    0.439068] vgaarb: setting as boot device: PCI:0000:00:0f.0
[    0.439072] vgaarb: device added: PCI:0000:00:0f.0,decodes=io+mem,owns=io+mem,locks=none
[    0.439083] vgaarb: loaded
[    0.439084] vgaarb: bridge control possible 0000:00:0f.0
[    0.439307] SCSI subsystem initialized
[    0.439483] libata version 3.00 loaded.
[    0.439512] ACPI: bus type USB registered
[    0.439531] usbcore: registered new interface driver usbfs
[    0.439547] usbcore: registered new interface driver hub
[    0.439607] usbcore: registered new device driver usb
[    0.439946] PCI: Using ACPI for IRQ routing
[    0.468861] PCI: pci_cache_line_size set to 64 bytes
[    0.469977] e820: reserve RAM buffer [mem 0x0009e800-0x0009ffff]
[    0.469981] e820: reserve RAM buffer [mem 0x7fee0000-0x7fffffff]
[    0.470171] NetLabel: Initializing
[    0.470175] NetLabel:  domain hash size = 128
[    0.470177] NetLabel:  protocols = UNLABELED CIPSOv4
[    0.470186] NetLabel:  unlabeled traffic allowed by default
[    0.470418] hpet0: at MMIO 0xfed00000, IRQs 2, 8, 0, 0, 0, 0, 0, 0, 0, 0, 0, 0, 0, 0, 0, 0
[    0.470429] hpet0: 16 comparators, 64-bit 14.318180 MHz counter
[    0.474650] Switched to clocksource hpet
[    0.481732] AppArmor: AppArmor Filesystem Enabled
[    0.481839] pnp: PnP ACPI init
[    0.482049] system 00:00: [io  0x1000-0x103f] could not be reserved
[    0.482053] system 00:00: [io  0x1040-0x104f] has been reserved
[    0.482056] system 00:00: [io  0x0cf0-0x0cf1] has been reserved
[    0.482060] system 00:00: Plug and Play ACPI device, IDs PNP0c02 (active)
[    0.482127] pnp 00:01: Plug and Play ACPI device, IDs PNP0b00 (active)
[    0.482172] pnp 00:02: Plug and Play ACPI device, IDs PNP0303 (active)
[    0.482196] pnp 00:03: Plug and Play ACPI device, IDs VMW0003 PNP0f13 (active)
[    0.482374] system 00:04: [mem 0xfed00000-0xfed003ff] has been reserved
[    0.482377] system 00:04: Plug and Play ACPI device, IDs PNP0103 PNP0c01 (active)
[    0.483641] pnp 00:05: Plug and Play ACPI device, IDs PNP0501 (active)
[    0.484046] system 00:06: [io  0xfce0-0xfcff] has been reserved
[    0.484050] system 00:06: [mem 0xf0000000-0xf7ffffff] has been reserved
[    0.484053] system 00:06: [mem 0xfe800000-0xfe9fffff] has been reserved
[    0.484056] system 00:06: Plug and Play ACPI device, IDs PNP0c02 (active)
[    0.493995] pnp: PnP ACPI: found 7 devices
[    0.504533] pci 0000:00:15.3: bridge window [io  0x1000-0x0fff] to [bus 06] add_size 1000
[    0.504589] pci 0000:00:15.4: bridge window [io  0x1000-0x0fff] to [bus 07] add_size 1000
[    0.504648] pci 0000:00:15.5: bridge window [io  0x1000-0x0fff] to [bus 08] add_size 1000
[    0.504703] pci 0000:00:15.6: bridge window [io  0x1000-0x0fff] to [bus 09] add_size 1000
[    0.504769] pci 0000:00:15.7: bridge window [io  0x1000-0x0fff] to [bus 0a] add_size 1000
[    0.504977] pci 0000:00:16.3: bridge window [io  0x1000-0x0fff] to [bus 0e] add_size 1000
[    0.505032] pci 0000:00:16.4: bridge window [io  0x1000-0x0fff] to [bus 0f] add_size 1000
[    0.505086] pci 0000:00:16.5: bridge window [io  0x1000-0x0fff] to [bus 10] add_size 1000
[    0.505140] pci 0000:00:16.6: bridge window [io  0x1000-0x0fff] to [bus 11] add_size 1000
[    0.505194] pci 0000:00:16.7: bridge window [io  0x1000-0x0fff] to [bus 12] add_size 1000
[    0.505402] pci 0000:00:17.3: bridge window [io  0x1000-0x0fff] to [bus 16] add_size 1000
[    0.505456] pci 0000:00:17.4: bridge window [io  0x1000-0x0fff] to [bus 17] add_size 1000
[    0.505510] pci 0000:00:17.5: bridge window [io  0x1000-0x0fff] to [bus 18] add_size 1000
[    0.505565] pci 0000:00:17.6: bridge window [io  0x1000-0x0fff] to [bus 19] add_size 1000
[    0.505619] pci 0000:00:17.7: bridge window [io  0x1000-0x0fff] to [bus 1a] add_size 1000
[    0.505795] pci 0000:00:18.2: bridge window [io  0x1000-0x0fff] to [bus 1d] add_size 1000
[    0.505850] pci 0000:00:18.3: bridge window [io  0x1000-0x0fff] to [bus 1e] add_size 1000
[    0.505904] pci 0000:00:18.4: bridge window [io  0x1000-0x0fff] to [bus 1f] add_size 1000
[    0.505958] pci 0000:00:18.5: bridge window [io  0x1000-0x0fff] to [bus 20] add_size 1000
[    0.506012] pci 0000:00:18.6: bridge window [io  0x1000-0x0fff] to [bus 21] add_size 1000
[    0.506067] pci 0000:00:18.7: bridge window [io  0x1000-0x0fff] to [bus 22] add_size 1000
[    0.506070] pci 0000:00:07.3: BAR 13: [io  0x1000-0x103f] has bogus alignment
[    0.506095] pci 0000:00:15.3: res[13]=[io  0x1000-0x0fff] get_res_add_size add_size 1000
[    0.506096] pci 0000:00:15.4: res[13]=[io  0x1000-0x0fff] get_res_add_size add_size 1000
[    0.506097] pci 0000:00:15.5: res[13]=[io  0x1000-0x0fff] get_res_add_size add_size 1000
[    0.506098] pci 0000:00:15.6: res[13]=[io  0x1000-0x0fff] get_res_add_size add_size 1000
[    0.506100] pci 0000:00:15.7: res[13]=[io  0x1000-0x0fff] get_res_add_size add_size 1000
[    0.506101] pci 0000:00:16.3: res[13]=[io  0x1000-0x0fff] get_res_add_size add_size 1000
[    0.506102] pci 0000:00:16.4: res[13]=[io  0x1000-0x0fff] get_res_add_size add_size 1000
[    0.506103] pci 0000:00:16.5: res[13]=[io  0x1000-0x0fff] get_res_add_size add_size 1000
[    0.506104] pci 0000:00:16.6: res[13]=[io  0x1000-0x0fff] get_res_add_size add_size 1000
[    0.506105] pci 0000:00:16.7: res[13]=[io  0x1000-0x0fff] get_res_add_size add_size 1000
[    0.506107] pci 0000:00:17.3: res[13]=[io  0x1000-0x0fff] get_res_add_size add_size 1000
[    0.506108] pci 0000:00:17.4: res[13]=[io  0x1000-0x0fff] get_res_add_size add_size 1000
[    0.506109] pci 0000:00:17.5: res[13]=[io  0x1000-0x0fff] get_res_add_size add_size 1000
[    0.506110] pci 0000:00:17.6: res[13]=[io  0x1000-0x0fff] get_res_add_size add_size 1000
[    0.506111] pci 0000:00:17.7: res[13]=[io  0x1000-0x0fff] get_res_add_size add_size 1000
[    0.506112] pci 0000:00:18.2: res[13]=[io  0x1000-0x0fff] get_res_add_size add_size 1000
[    0.506114] pci 0000:00:18.3: res[13]=[io  0x1000-0x0fff] get_res_add_size add_size 1000
[    0.506115] pci 0000:00:18.4: res[13]=[io  0x1000-0x0fff] get_res_add_size add_size 1000
[    0.506116] pci 0000:00:18.5: res[13]=[io  0x1000-0x0fff] get_res_add_size add_size 1000
[    0.506117] pci 0000:00:18.6: res[13]=[io  0x1000-0x0fff] get_res_add_size add_size 1000
[    0.506118] pci 0000:00:18.7: res[13]=[io  0x1000-0x0fff] get_res_add_size add_size 1000
[    0.506125] pci 0000:00:0f.0: BAR 6: assigned [mem 0xc0000000-0xc0007fff pref]
[    0.506129] pci 0000:00:10.0: BAR 6: assigned [mem 0xc0008000-0xc000bfff pref]
[    0.506134] pci 0000:00:15.3: BAR 13: no space for [io  size 0x1000]
[    0.506136] pci 0000:00:15.3: BAR 13: failed to assign [io  size 0x1000]
[    0.506139] pci 0000:00:15.4: BAR 13: no space for [io  size 0x1000]
[    0.506141] pci 0000:00:15.4: BAR 13: failed to assign [io  size 0x1000]
[    0.506144] pci 0000:00:15.5: BAR 13: no space for [io  size 0x1000]
[    0.506146] pci 0000:00:15.5: BAR 13: failed to assign [io  size 0x1000]
[    0.506148] pci 0000:00:15.6: BAR 13: no space for [io  size 0x1000]
[    0.506150] pci 0000:00:15.6: BAR 13: failed to assign [io  size 0x1000]
[    0.506153] pci 0000:00:15.7: BAR 13: no space for [io  size 0x1000]
[    0.506155] pci 0000:00:15.7: BAR 13: failed to assign [io  size 0x1000]
[    0.506157] pci 0000:00:16.3: BAR 13: no space for [io  size 0x1000]
[    0.506159] pci 0000:00:16.3: BAR 13: failed to assign [io  size 0x1000]
[    0.506162] pci 0000:00:16.4: BAR 13: no space for [io  size 0x1000]
[    0.506163] pci 0000:00:16.4: BAR 13: failed to assign [io  size 0x1000]
[    0.506166] pci 0000:00:16.5: BAR 13: no space for [io  size 0x1000]
[    0.506168] pci 0000:00:16.5: BAR 13: failed to assign [io  size 0x1000]
[    0.506173] pci 0000:00:16.6: BAR 13: no space for [io  size 0x1000]
[    0.506175] pci 0000:00:16.6: BAR 13: failed to assign [io  size 0x1000]
[    0.506178] pci 0000:00:16.7: BAR 13: no space for [io  size 0x1000]
[    0.506180] pci 0000:00:16.7: BAR 13: failed to assign [io  size 0x1000]
[    0.506182] pci 0000:00:17.3: BAR 13: no space for [io  size 0x1000]
[    0.506184] pci 0000:00:17.3: BAR 13: failed to assign [io  size 0x1000]
[    0.506187] pci 0000:00:17.4: BAR 13: no space for [io  size 0x1000]
[    0.506189] pci 0000:00:17.4: BAR 13: failed to assign [io  size 0x1000]
[    0.506191] pci 0000:00:17.5: BAR 13: no space for [io  size 0x1000]
[    0.506193] pci 0000:00:17.5: BAR 13: failed to assign [io  size 0x1000]
[    0.506196] pci 0000:00:17.6: BAR 13: no space for [io  size 0x1000]
[    0.506197] pci 0000:00:17.6: BAR 13: failed to assign [io  size 0x1000]
[    0.506200] pci 0000:00:17.7: BAR 13: no space for [io  size 0x1000]
[    0.506202] pci 0000:00:17.7: BAR 13: failed to assign [io  size 0x1000]
[    0.506204] pci 0000:00:18.2: BAR 13: no space for [io  size 0x1000]
[    0.506206] pci 0000:00:18.2: BAR 13: failed to assign [io  size 0x1000]
[    0.506209] pci 0000:00:18.3: BAR 13: no space for [io  size 0x1000]
[    0.506211] pci 0000:00:18.3: BAR 13: failed to assign [io  size 0x1000]
[    0.506213] pci 0000:00:18.4: BAR 13: no space for [io  size 0x1000]
[    0.506215] pci 0000:00:18.4: BAR 13: failed to assign [io  size 0x1000]
[    0.506218] pci 0000:00:18.5: BAR 13: no space for [io  size 0x1000]
[    0.506219] pci 0000:00:18.5: BAR 13: failed to assign [io  size 0x1000]
[    0.506222] pci 0000:00:18.6: BAR 13: no space for [io  size 0x1000]
[    0.506224] pci 0000:00:18.6: BAR 13: failed to assign [io  size 0x1000]
[    0.506226] pci 0000:00:18.7: BAR 13: no space for [io  size 0x1000]
[    0.506228] pci 0000:00:18.7: BAR 13: failed to assign [io  size 0x1000]
[    0.506234] pci 0000:00:18.7: BAR 13: no space for [io  size 0x1000]
[    0.506236] pci 0000:00:18.7: BAR 13: failed to assign [io  size 0x1000]
[    0.506238] pci 0000:00:18.6: BAR 13: no space for [io  size 0x1000]
[    0.506240] pci 0000:00:18.6: BAR 13: failed to assign [io  size 0x1000]
[    0.506243] pci 0000:00:18.5: BAR 13: no space for [io  size 0x1000]
[    0.506245] pci 0000:00:18.5: BAR 13: failed to assign [io  size 0x1000]
[    0.506247] pci 0000:00:18.4: BAR 13: no space for [io  size 0x1000]
[    0.506249] pci 0000:00:18.4: BAR 13: failed to assign [io  size 0x1000]
[    0.506251] pci 0000:00:18.3: BAR 13: no space for [io  size 0x1000]
[    0.506253] pci 0000:00:18.3: BAR 13: failed to assign [io  size 0x1000]
[    0.506256] pci 0000:00:18.2: BAR 13: no space for [io  size 0x1000]
[    0.506258] pci 0000:00:18.2: BAR 13: failed to assign [io  size 0x1000]
[    0.506260] pci 0000:00:17.7: BAR 13: no space for [io  size 0x1000]
[    0.506262] pci 0000:00:17.7: BAR 13: failed to assign [io  size 0x1000]
[    0.506265] pci 0000:00:17.6: BAR 13: no space for [io  size 0x1000]
[    0.506267] pci 0000:00:17.6: BAR 13: failed to assign [io  size 0x1000]
[    0.506269] pci 0000:00:17.5: BAR 13: no space for [io  size 0x1000]
[    0.506271] pci 0000:00:17.5: BAR 13: failed to assign [io  size 0x1000]
[    0.506274] pci 0000:00:17.4: BAR 13: no space for [io  size 0x1000]
[    0.506275] pci 0000:00:17.4: BAR 13: failed to assign [io  size 0x1000]
[    0.506278] pci 0000:00:17.3: BAR 13: no space for [io  size 0x1000]
[    0.506280] pci 0000:00:17.3: BAR 13: failed to assign [io  size 0x1000]
[    0.506282] pci 0000:00:16.7: BAR 13: no space for [io  size 0x1000]
[    0.506284] pci 0000:00:16.7: BAR 13: failed to assign [io  size 0x1000]
[    0.506287] pci 0000:00:16.6: BAR 13: no space for [io  size 0x1000]
[    0.506289] pci 0000:00:16.6: BAR 13: failed to assign [io  size 0x1000]
[    0.506291] pci 0000:00:16.5: BAR 13: no space for [io  size 0x1000]
[    0.506293] pci 0000:00:16.5: BAR 13: failed to assign [io  size 0x1000]
[    0.506295] pci 0000:00:16.4: BAR 13: no space for [io  size 0x1000]
[    0.506297] pci 0000:00:16.4: BAR 13: failed to assign [io  size 0x1000]
[    0.506300] pci 0000:00:16.3: BAR 13: no space for [io  size 0x1000]
[    0.506302] pci 0000:00:16.3: BAR 13: failed to assign [io  size 0x1000]
[    0.506304] pci 0000:00:15.7: BAR 13: no space for [io  size 0x1000]
[    0.506306] pci 0000:00:15.7: BAR 13: failed to assign [io  size 0x1000]
[    0.506309] pci 0000:00:15.6: BAR 13: no space for [io  size 0x1000]
[    0.506310] pci 0000:00:15.6: BAR 13: failed to assign [io  size 0x1000]
[    0.506313] pci 0000:00:15.5: BAR 13: no space for [io  size 0x1000]
[    0.506315] pci 0000:00:15.5: BAR 13: failed to assign [io  size 0x1000]
[    0.506317] pci 0000:00:15.4: BAR 13: no space for [io  size 0x1000]
[    0.506319] pci 0000:00:15.4: BAR 13: failed to assign [io  size 0x1000]
[    0.506322] pci 0000:00:15.3: BAR 13: no space for [io  size 0x1000]
[    0.506323] pci 0000:00:15.3: BAR 13: failed to assign [io  size 0x1000]
[    0.506326] pci 0000:00:01.0: PCI bridge to [bus 01]
[    0.506413] pci 0000:02:01.0: BAR 6: assigned [mem 0xfd500000-0xfd50ffff pref]
[    0.506416] pci 0000:02:05.0: BAR 6: assigned [mem 0xfd510000-0xfd51ffff pref]
[    0.506419] pci 0000:00:11.0: PCI bridge to [bus 02]
[    0.506431] pci 0000:00:11.0:   bridge window [io  0x2000-0x3fff]
[    0.506460] pci 0000:00:11.0:   bridge window [mem 0xfd500000-0xfdffffff]
[    0.506481] pci 0000:00:11.0:   bridge window [mem 0xe7b00000-0xe7ffffff 64bit pref]
[    0.506518] pci 0000:00:15.0: PCI bridge to [bus 03]
[    0.506530] pci 0000:00:15.0:   bridge window [io  0x4000-0x4fff]
[    0.506560] pci 0000:00:15.0:   bridge window [mem 0xfd400000-0xfd4fffff]
[    0.506580] pci 0000:00:15.0:   bridge window [mem 0xe7a00000-0xe7afffff 64bit pref]
[    0.506656] pci 0000:00:15.1: PCI bridge to [bus 04]
[    0.506695] pci 0000:00:15.1:   bridge window [io  0x8000-0x8fff]
[    0.506732] pci 0000:00:15.1:   bridge window [mem 0xfd000000-0xfd0fffff]
[    0.506753] pci 0000:00:15.1:   bridge window [mem 0xe7600000-0xe76fffff 64bit pref]
[    0.506802] pci 0000:00:15.2: PCI bridge to [bus 05]
[    0.506815] pci 0000:00:15.2:   bridge window [io  0xc000-0xcfff]
[    0.506844] pci 0000:00:15.2:   bridge window [mem 0xfcc00000-0xfccfffff]
[    0.506864] pci 0000:00:15.2:   bridge window [mem 0xe7200000-0xe72fffff 64bit pref]
[    0.506911] pci 0000:00:15.3: PCI bridge to [bus 06]
[    0.506941] pci 0000:00:15.3:   bridge window [mem 0xfc800000-0xfc8fffff]
[    0.506962] pci 0000:00:15.3:   bridge window [mem 0xe6e00000-0xe6efffff 64bit pref]
[    0.507008] pci 0000:00:15.4: PCI bridge to [bus 07]
[    0.507038] pci 0000:00:15.4:   bridge window [mem 0xfc400000-0xfc4fffff]
[    0.507059] pci 0000:00:15.4:   bridge window [mem 0xe6a00000-0xe6afffff 64bit pref]
[    0.507105] pci 0000:00:15.5: PCI bridge to [bus 08]
[    0.507135] pci 0000:00:15.5:   bridge window [mem 0xfc000000-0xfc0fffff]
[    0.507155] pci 0000:00:15.5:   bridge window [mem 0xe6600000-0xe66fffff 64bit pref]
[    0.507201] pci 0000:00:15.6: PCI bridge to [bus 09]
[    0.507231] pci 0000:00:15.6:   bridge window [mem 0xfbc00000-0xfbcfffff]
[    0.507252] pci 0000:00:15.6:   bridge window [mem 0xe6200000-0xe62fffff 64bit pref]
[    0.507298] pci 0000:00:15.7: PCI bridge to [bus 0a]
[    0.507327] pci 0000:00:15.7:   bridge window [mem 0xfb800000-0xfb8fffff]
[    0.507348] pci 0000:00:15.7:   bridge window [mem 0xe5e00000-0xe5efffff 64bit pref]
[    0.507394] pci 0000:00:16.0: PCI bridge to [bus 0b]
[    0.507407] pci 0000:00:16.0:   bridge window [io  0x5000-0x5fff]
[    0.507436] pci 0000:00:16.0:   bridge window [mem 0xfd300000-0xfd3fffff]
[    0.507456] pci 0000:00:16.0:   bridge window [mem 0xe7900000-0xe79fffff 64bit pref]
[    0.507503] pci 0000:00:16.1: PCI bridge to [bus 0c]
[    0.507515] pci 0000:00:16.1:   bridge window [io  0x9000-0x9fff]
[    0.507544] pci 0000:00:16.1:   bridge window [mem 0xfcf00000-0xfcffffff]
[    0.507565] pci 0000:00:16.1:   bridge window [mem 0xe7500000-0xe75fffff 64bit pref]
[    0.507611] pci 0000:00:16.2: PCI bridge to [bus 0d]
[    0.507624] pci 0000:00:16.2:   bridge window [io  0xd000-0xdfff]
[    0.507653] pci 0000:00:16.2:   bridge window [mem 0xfcb00000-0xfcbfffff]
[    0.507673] pci 0000:00:16.2:   bridge window [mem 0xe7100000-0xe71fffff 64bit pref]
[    0.507726] pci 0000:00:16.3: PCI bridge to [bus 0e]
[    0.507756] pci 0000:00:16.3:   bridge window [mem 0xfc700000-0xfc7fffff]
[    0.507777] pci 0000:00:16.3:   bridge window [mem 0xe6d00000-0xe6dfffff 64bit pref]
[    0.507823] pci 0000:00:16.4: PCI bridge to [bus 0f]
[    0.507853] pci 0000:00:16.4:   bridge window [mem 0xfc300000-0xfc3fffff]
[    0.507873] pci 0000:00:16.4:   bridge window [mem 0xe6900000-0xe69fffff 64bit pref]
[    0.507919] pci 0000:00:16.5: PCI bridge to [bus 10]
[    0.507949] pci 0000:00:16.5:   bridge window [mem 0xfbf00000-0xfbffffff]
[    0.507969] pci 0000:00:16.5:   bridge window [mem 0xe6500000-0xe65fffff 64bit pref]
[    0.508021] pci 0000:00:16.6: PCI bridge to [bus 11]
[    0.508050] pci 0000:00:16.6:   bridge window [mem 0xfbb00000-0xfbbfffff]
[    0.508071] pci 0000:00:16.6:   bridge window [mem 0xe6100000-0xe61fffff 64bit pref]
[    0.508117] pci 0000:00:16.7: PCI bridge to [bus 12]
[    0.508147] pci 0000:00:16.7:   bridge window [mem 0xfb700000-0xfb7fffff]
[    0.508168] pci 0000:00:16.7:   bridge window [mem 0xe5d00000-0xe5dfffff 64bit pref]
[    0.508215] pci 0000:00:17.0: PCI bridge to [bus 13]
[    0.508228] pci 0000:00:17.0:   bridge window [io  0x6000-0x6fff]
[    0.508257] pci 0000:00:17.0:   bridge window [mem 0xfd200000-0xfd2fffff]
[    0.508277] pci 0000:00:17.0:   bridge window [mem 0xe7800000-0xe78fffff 64bit pref]
[    0.508324] pci 0000:00:17.1: PCI bridge to [bus 14]
[    0.508336] pci 0000:00:17.1:   bridge window [io  0xa000-0xafff]
[    0.508365] pci 0000:00:17.1:   bridge window [mem 0xfce00000-0xfcefffff]
[    0.508386] pci 0000:00:17.1:   bridge window [mem 0xe7400000-0xe74fffff 64bit pref]
[    0.508433] pci 0000:00:17.2: PCI bridge to [bus 15]
[    0.508445] pci 0000:00:17.2:   bridge window [io  0xe000-0xefff]
[    0.508475] pci 0000:00:17.2:   bridge window [mem 0xfca00000-0xfcafffff]
[    0.508495] pci 0000:00:17.2:   bridge window [mem 0xe7000000-0xe70fffff 64bit pref]
[    0.508541] pci 0000:00:17.3: PCI bridge to [bus 16]
[    0.508571] pci 0000:00:17.3:   bridge window [mem 0xfc600000-0xfc6fffff]
[    0.508592] pci 0000:00:17.3:   bridge window [mem 0xe6c00000-0xe6cfffff 64bit pref]
[    0.508638] pci 0000:00:17.4: PCI bridge to [bus 17]
[    0.508668] pci 0000:00:17.4:   bridge window [mem 0xfc200000-0xfc2fffff]
[    0.508688] pci 0000:00:17.4:   bridge window [mem 0xe6800000-0xe68fffff 64bit pref]
[    0.508799] pci 0000:00:17.5: PCI bridge to [bus 18]
[    0.508841] pci 0000:00:17.5:   bridge window [mem 0xfbe00000-0xfbefffff]
[    0.508863] pci 0000:00:17.5:   bridge window [mem 0xe6400000-0xe64fffff 64bit pref]
[    0.508914] pci 0000:00:17.6: PCI bridge to [bus 19]
[    0.508944] pci 0000:00:17.6:   bridge window [mem 0xfba00000-0xfbafffff]
[    0.508965] pci 0000:00:17.6:   bridge window [mem 0xe6000000-0xe60fffff 64bit pref]
[    0.509013] pci 0000:00:17.7: PCI bridge to [bus 1a]
[    0.509043] pci 0000:00:17.7:   bridge window [mem 0xfb600000-0xfb6fffff]
[    0.509064] pci 0000:00:17.7:   bridge window [mem 0xe5c00000-0xe5cfffff 64bit pref]
[    0.509111] pci 0000:00:18.0: PCI bridge to [bus 1b]
[    0.509124] pci 0000:00:18.0:   bridge window [io  0x7000-0x7fff]
[    0.509153] pci 0000:00:18.0:   bridge window [mem 0xfd100000-0xfd1fffff]
[    0.509174] pci 0000:00:18.0:   bridge window [mem 0xe7700000-0xe77fffff 64bit pref]
[    0.509221] pci 0000:00:18.1: PCI bridge to [bus 1c]
[    0.509234] pci 0000:00:18.1:   bridge window [io  0xb000-0xbfff]
[    0.509263] pci 0000:00:18.1:   bridge window [mem 0xfcd00000-0xfcdfffff]
[    0.509289] pci 0000:00:18.1:   bridge window [mem 0xe7300000-0xe73fffff 64bit pref]
[    0.509339] pci 0000:00:18.2: PCI bridge to [bus 1d]
[    0.509370] pci 0000:00:18.2:   bridge window [mem 0xfc900000-0xfc9fffff]
[    0.509390] pci 0000:00:18.2:   bridge window [mem 0xe6f00000-0xe6ffffff 64bit pref]
[    0.509437] pci 0000:00:18.3: PCI bridge to [bus 1e]
[    0.509467] pci 0000:00:18.3:   bridge window [mem 0xfc500000-0xfc5fffff]
[    0.509488] pci 0000:00:18.3:   bridge window [mem 0xe6b00000-0xe6bfffff 64bit pref]
[    0.509535] pci 0000:00:18.4: PCI bridge to [bus 1f]
[    0.509564] pci 0000:00:18.4:   bridge window [mem 0xfc100000-0xfc1fffff]
[    0.509585] pci 0000:00:18.4:   bridge window [mem 0xe6700000-0xe67fffff 64bit pref]
[    0.509631] pci 0000:00:18.5: PCI bridge to [bus 20]
[    0.509661] pci 0000:00:18.5:   bridge window [mem 0xfbd00000-0xfbdfffff]
[    0.509682] pci 0000:00:18.5:   bridge window [mem 0xe6300000-0xe63fffff 64bit pref]
[    0.509740] pci 0000:00:18.6: PCI bridge to [bus 21]
[    0.509770] pci 0000:00:18.6:   bridge window [mem 0xfb900000-0xfb9fffff]
[    0.509791] pci 0000:00:18.6:   bridge window [mem 0xe5f00000-0xe5ffffff 64bit pref]
[    0.509838] pci 0000:00:18.7: PCI bridge to [bus 22]
[    0.509868] pci 0000:00:18.7:   bridge window [mem 0xfb500000-0xfb5fffff]
[    0.509888] pci 0000:00:18.7:   bridge window [mem 0xe5b00000-0xe5bfffff 64bit pref]
[    0.509936] pci_bus 0000:00: resource 4 [mem 0x000a0000-0x000bffff]
[    0.509938] pci_bus 0000:00: resource 5 [mem 0x000cc000-0x000cffff]
[    0.509939] pci_bus 0000:00: resource 6 [mem 0x000d0000-0x000d3fff]
[    0.509940] pci_bus 0000:00: resource 7 [mem 0x000d4000-0x000d7fff]
[    0.509941] pci_bus 0000:00: resource 8 [mem 0x000d8000-0x000dbfff]
[    0.509942] pci_bus 0000:00: resource 9 [mem 0xc0000000-0xfebfffff]
[    0.509944] pci_bus 0000:00: resource 10 [io  0x0000-0x0cf7]
[    0.509945] pci_bus 0000:00: resource 11 [io  0x0d00-0xfeff]
[    0.509947] pci_bus 0000:02: resource 0 [io  0x2000-0x3fff]
[    0.509948] pci_bus 0000:02: resource 1 [mem 0xfd500000-0xfdffffff]
[    0.509949] pci_bus 0000:02: resource 2 [mem 0xe7b00000-0xe7ffffff 64bit pref]
[    0.509950] pci_bus 0000:02: resource 4 [mem 0x000a0000-0x000bffff]
[    0.509952] pci_bus 0000:02: resource 5 [mem 0x000cc000-0x000cffff]
[    0.509953] pci_bus 0000:02: resource 6 [mem 0x000d0000-0x000d3fff]
[    0.509954] pci_bus 0000:02: resource 7 [mem 0x000d4000-0x000d7fff]
[    0.509955] pci_bus 0000:02: resource 8 [mem 0x000d8000-0x000dbfff]
[    0.509956] pci_bus 0000:02: resource 9 [mem 0xc0000000-0xfebfffff]
[    0.509957] pci_bus 0000:02: resource 10 [io  0x0000-0x0cf7]
[    0.509958] pci_bus 0000:02: resource 11 [io  0x0d00-0xfeff]
[    0.509960] pci_bus 0000:03: resource 0 [io  0x4000-0x4fff]
[    0.509961] pci_bus 0000:03: resource 1 [mem 0xfd400000-0xfd4fffff]
[    0.509962] pci_bus 0000:03: resource 2 [mem 0xe7a00000-0xe7afffff 64bit pref]
[    0.509963] pci_bus 0000:04: resource 0 [io  0x8000-0x8fff]
[    0.509965] pci_bus 0000:04: resource 1 [mem 0xfd000000-0xfd0fffff]
[    0.509966] pci_bus 0000:04: resource 2 [mem 0xe7600000-0xe76fffff 64bit pref]
[    0.509967] pci_bus 0000:05: resource 0 [io  0xc000-0xcfff]
[    0.509968] pci_bus 0000:05: resource 1 [mem 0xfcc00000-0xfccfffff]
[    0.509969] pci_bus 0000:05: resource 2 [mem 0xe7200000-0xe72fffff 64bit pref]
[    0.509971] pci_bus 0000:06: resource 1 [mem 0xfc800000-0xfc8fffff]
[    0.509972] pci_bus 0000:06: resource 2 [mem 0xe6e00000-0xe6efffff 64bit pref]
[    0.509973] pci_bus 0000:07: resource 1 [mem 0xfc400000-0xfc4fffff]
[    0.509974] pci_bus 0000:07: resource 2 [mem 0xe6a00000-0xe6afffff 64bit pref]
[    0.509976] pci_bus 0000:08: resource 1 [mem 0xfc000000-0xfc0fffff]
[    0.509977] pci_bus 0000:08: resource 2 [mem 0xe6600000-0xe66fffff 64bit pref]
[    0.509978] pci_bus 0000:09: resource 1 [mem 0xfbc00000-0xfbcfffff]
[    0.509979] pci_bus 0000:09: resource 2 [mem 0xe6200000-0xe62fffff 64bit pref]
[    0.509981] pci_bus 0000:0a: resource 1 [mem 0xfb800000-0xfb8fffff]
[    0.509982] pci_bus 0000:0a: resource 2 [mem 0xe5e00000-0xe5efffff 64bit pref]
[    0.509983] pci_bus 0000:0b: resource 0 [io  0x5000-0x5fff]
[    0.509985] pci_bus 0000:0b: resource 1 [mem 0xfd300000-0xfd3fffff]
[    0.509986] pci_bus 0000:0b: resource 2 [mem 0xe7900000-0xe79fffff 64bit pref]
[    0.509987] pci_bus 0000:0c: resource 0 [io  0x9000-0x9fff]
[    0.509988] pci_bus 0000:0c: resource 1 [mem 0xfcf00000-0xfcffffff]
[    0.509989] pci_bus 0000:0c: resource 2 [mem 0xe7500000-0xe75fffff 64bit pref]
[    0.509991] pci_bus 0000:0d: resource 0 [io  0xd000-0xdfff]
[    0.509992] pci_bus 0000:0d: resource 1 [mem 0xfcb00000-0xfcbfffff]
[    0.509993] pci_bus 0000:0d: resource 2 [mem 0xe7100000-0xe71fffff 64bit pref]
[    0.509994] pci_bus 0000:0e: resource 1 [mem 0xfc700000-0xfc7fffff]
[    0.509995] pci_bus 0000:0e: resource 2 [mem 0xe6d00000-0xe6dfffff 64bit pref]
[    0.509997] pci_bus 0000:0f: resource 1 [mem 0xfc300000-0xfc3fffff]
[    0.509998] pci_bus 0000:0f: resource 2 [mem 0xe6900000-0xe69fffff 64bit pref]
[    0.509999] pci_bus 0000:10: resource 1 [mem 0xfbf00000-0xfbffffff]
[    0.510000] pci_bus 0000:10: resource 2 [mem 0xe6500000-0xe65fffff 64bit pref]
[    0.510002] pci_bus 0000:11: resource 1 [mem 0xfbb00000-0xfbbfffff]
[    0.510003] pci_bus 0000:11: resource 2 [mem 0xe6100000-0xe61fffff 64bit pref]
[    0.510004] pci_bus 0000:12: resource 1 [mem 0xfb700000-0xfb7fffff]
[    0.510005] pci_bus 0000:12: resource 2 [mem 0xe5d00000-0xe5dfffff 64bit pref]
[    0.510007] pci_bus 0000:13: resource 0 [io  0x6000-0x6fff]
[    0.510008] pci_bus 0000:13: resource 1 [mem 0xfd200000-0xfd2fffff]
[    0.510009] pci_bus 0000:13: resource 2 [mem 0xe7800000-0xe78fffff 64bit pref]
[    0.510010] pci_bus 0000:14: resource 0 [io  0xa000-0xafff]
[    0.510011] pci_bus 0000:14: resource 1 [mem 0xfce00000-0xfcefffff]
[    0.510012] pci_bus 0000:14: resource 2 [mem 0xe7400000-0xe74fffff 64bit pref]
[    0.510013] pci_bus 0000:15: resource 0 [io  0xe000-0xefff]
[    0.510015] pci_bus 0000:15: resource 1 [mem 0xfca00000-0xfcafffff]
[    0.510016] pci_bus 0000:15: resource 2 [mem 0xe7000000-0xe70fffff 64bit pref]
[    0.510017] pci_bus 0000:16: resource 1 [mem 0xfc600000-0xfc6fffff]
[    0.510018] pci_bus 0000:16: resource 2 [mem 0xe6c00000-0xe6cfffff 64bit pref]
[    0.510019] pci_bus 0000:17: resource 1 [mem 0xfc200000-0xfc2fffff]
[    0.510021] pci_bus 0000:17: resource 2 [mem 0xe6800000-0xe68fffff 64bit pref]
[    0.510022] pci_bus 0000:18: resource 1 [mem 0xfbe00000-0xfbefffff]
[    0.510023] pci_bus 0000:18: resource 2 [mem 0xe6400000-0xe64fffff 64bit pref]
[    0.510024] pci_bus 0000:19: resource 1 [mem 0xfba00000-0xfbafffff]
[    0.510025] pci_bus 0000:19: resource 2 [mem 0xe6000000-0xe60fffff 64bit pref]
[    0.510027] pci_bus 0000:1a: resource 1 [mem 0xfb600000-0xfb6fffff]
[    0.510028] pci_bus 0000:1a: resource 2 [mem 0xe5c00000-0xe5cfffff 64bit pref]
[    0.510029] pci_bus 0000:1b: resource 0 [io  0x7000-0x7fff]
[    0.510030] pci_bus 0000:1b: resource 1 [mem 0xfd100000-0xfd1fffff]
[    0.510031] pci_bus 0000:1b: resource 2 [mem 0xe7700000-0xe77fffff 64bit pref]
[    0.510032] pci_bus 0000:1c: resource 0 [io  0xb000-0xbfff]
[    0.510034] pci_bus 0000:1c: resource 1 [mem 0xfcd00000-0xfcdfffff]
[    0.510035] pci_bus 0000:1c: resource 2 [mem 0xe7300000-0xe73fffff 64bit pref]
[    0.510036] pci_bus 0000:1d: resource 1 [mem 0xfc900000-0xfc9fffff]
[    0.510037] pci_bus 0000:1d: resource 2 [mem 0xe6f00000-0xe6ffffff 64bit pref]
[    0.510038] pci_bus 0000:1e: resource 1 [mem 0xfc500000-0xfc5fffff]
[    0.510040] pci_bus 0000:1e: resource 2 [mem 0xe6b00000-0xe6bfffff 64bit pref]
[    0.510041] pci_bus 0000:1f: resource 1 [mem 0xfc100000-0xfc1fffff]
[    0.510042] pci_bus 0000:1f: resource 2 [mem 0xe6700000-0xe67fffff 64bit pref]
[    0.510043] pci_bus 0000:20: resource 1 [mem 0xfbd00000-0xfbdfffff]
[    0.510045] pci_bus 0000:20: resource 2 [mem 0xe6300000-0xe63fffff 64bit pref]
[    0.510046] pci_bus 0000:21: resource 1 [mem 0xfb900000-0xfb9fffff]
[    0.510047] pci_bus 0000:21: resource 2 [mem 0xe5f00000-0xe5ffffff 64bit pref]
[    0.510048] pci_bus 0000:22: resource 1 [mem 0xfb500000-0xfb5fffff]
[    0.510049] pci_bus 0000:22: resource 2 [mem 0xe5b00000-0xe5bfffff 64bit pref]
[    0.510100] NET: Registered protocol family 2
[    0.510524] TCP established hash table entries: 16384 (order: 5, 131072 bytes)
[    0.510592] TCP bind hash table entries: 16384 (order: 6, 262144 bytes)
[    0.510675] TCP: Hash tables configured (established 16384 bind 16384)
[    0.510779] TCP: reno registered
[    0.510798] UDP hash table entries: 1024 (order: 3, 32768 bytes)
[    0.510819] UDP-Lite hash table entries: 1024 (order: 3, 32768 bytes)
[    0.511297] NET: Registered protocol family 1
[    0.511321] pci 0000:00:00.0: Limiting direct PCI/PCI transfers
[    0.511436] pci 0000:00:0f.0: Video device with shadowed ROM
[    0.512795] PCI: CLS mismatch (32 != 64), using 64 bytes
[    0.513388] Trying to unpack rootfs image as initramfs...
[    0.841098] Freeing initrd memory: 19464K (ffff8800359ec000 - ffff880036cee000)
[    0.841174] Simple Boot Flag at 0x36 set to 0x80
[    0.841300] Switched to clocksource tsc
[    0.841445] RAPL PMU detected, hw unit 2^-0 Joules, API unit is 2^-32 Joules, 3 fixed counters 10737418240 ms ovfl timer
[    0.841511] microcode: CPU0 sig=0x306a9, pf=0x1, revision=0x1b
[    0.841520] microcode: CPU1 sig=0x306a9, pf=0x1, revision=0x1b
[    0.841635] microcode: Microcode Update Driver: v2.00 <tigran@aivazian.fsnet.co.uk>, Peter Oruba
[    0.841668] Scanning for low memory corruption every 60 seconds
[    0.843698] futex hash table entries: 32768 (order: 9, 2097152 bytes)
[    0.844332] Initialise system trusted keyring
[    0.844378] audit: initializing netlink subsys (disabled)
[    0.844428] audit: type=2000 audit(1450784486.706:1): initialized
[    0.844866] HugeTLB registered 2 MB page size, pre-allocated 0 pages
[    0.846043] zpool: loaded
[    0.846046] zbud: loaded
[    0.846321] VFS: Disk quotas dquot_6.5.2
[    0.846384] VFS: Dquot-cache hash table entries: 512 (order 0, 4096 bytes)
[    0.846996] fuse init (API version 7.23)
[    0.847193] Key type big_key registered
[    0.850549] Key type asymmetric registered
[    0.850557] Asymmetric key parser 'x509' registered
[    0.850620] Block layer SCSI generic (bsg) driver version 0.4 loaded (major 252)
[    0.850767] io scheduler noop registered
[    0.850772] io scheduler deadline registered (default)
[    0.850812] io scheduler cfq registered
[    0.872309] pcieport 0000:00:15.0: Signaling PME through PCIe PME interrupt
[    0.872335] pcie_pme 0000:00:15.0:pcie01: service driver pcie_pme loaded
[    0.872437] pcieport 0000:00:15.1: Signaling PME through PCIe PME interrupt
[    0.872459] pcie_pme 0000:00:15.1:pcie01: service driver pcie_pme loaded
[    0.872619] pcieport 0000:00:15.2: Signaling PME through PCIe PME interrupt
[    0.872642] pcie_pme 0000:00:15.2:pcie01: service driver pcie_pme loaded
[    0.872746] pcieport 0000:00:15.3: Signaling PME through PCIe PME interrupt
[    0.872768] pcie_pme 0000:00:15.3:pcie01: service driver pcie_pme loaded
[    0.872894] pcieport 0000:00:15.4: Signaling PME through PCIe PME interrupt
[    0.872916] pcie_pme 0000:00:15.4:pcie01: service driver pcie_pme loaded
[    0.873016] pcieport 0000:00:15.5: Signaling PME through PCIe PME interrupt
[    0.873037] pcie_pme 0000:00:15.5:pcie01: service driver pcie_pme loaded
[    0.873136] pcieport 0000:00:15.6: Signaling PME through PCIe PME interrupt
[    0.873158] pcie_pme 0000:00:15.6:pcie01: service driver pcie_pme loaded
[    0.873258] pcieport 0000:00:15.7: Signaling PME through PCIe PME interrupt
[    0.873280] pcie_pme 0000:00:15.7:pcie01: service driver pcie_pme loaded
[    0.873383] pcieport 0000:00:16.0: Signaling PME through PCIe PME interrupt
[    0.873404] pcie_pme 0000:00:16.0:pcie01: service driver pcie_pme loaded
[    0.873504] pcieport 0000:00:16.1: Signaling PME through PCIe PME interrupt
[    0.873525] pcie_pme 0000:00:16.1:pcie01: service driver pcie_pme loaded
[    0.873625] pcieport 0000:00:16.2: Signaling PME through PCIe PME interrupt
[    0.873646] pcie_pme 0000:00:16.2:pcie01: service driver pcie_pme loaded
[    0.873744] pcieport 0000:00:16.3: Signaling PME through PCIe PME interrupt
[    0.873766] pcie_pme 0000:00:16.3:pcie01: service driver pcie_pme loaded
[    0.873872] pcieport 0000:00:16.4: Signaling PME through PCIe PME interrupt
[    0.873894] pcie_pme 0000:00:16.4:pcie01: service driver pcie_pme loaded
[    0.873994] pcieport 0000:00:16.5: Signaling PME through PCIe PME interrupt
[    0.874016] pcie_pme 0000:00:16.5:pcie01: service driver pcie_pme loaded
[    0.874114] pcieport 0000:00:16.6: Signaling PME through PCIe PME interrupt
[    0.874135] pcie_pme 0000:00:16.6:pcie01: service driver pcie_pme loaded
[    0.874234] pcieport 0000:00:16.7: Signaling PME through PCIe PME interrupt
[    0.874255] pcie_pme 0000:00:16.7:pcie01: service driver pcie_pme loaded
[    0.874354] pcieport 0000:00:17.0: Signaling PME through PCIe PME interrupt
[    0.874375] pcie_pme 0000:00:17.0:pcie01: service driver pcie_pme loaded
[    0.874475] pcieport 0000:00:17.1: Signaling PME through PCIe PME interrupt
[    0.874496] pcie_pme 0000:00:17.1:pcie01: service driver pcie_pme loaded
[    0.874594] pcieport 0000:00:17.2: Signaling PME through PCIe PME interrupt
[    0.874616] pcie_pme 0000:00:17.2:pcie01: service driver pcie_pme loaded
[    0.874716] pcieport 0000:00:17.3: Signaling PME through PCIe PME interrupt
[    0.874738] pcie_pme 0000:00:17.3:pcie01: service driver pcie_pme loaded
[    0.874840] pcieport 0000:00:17.4: Signaling PME through PCIe PME interrupt
[    0.874862] pcie_pme 0000:00:17.4:pcie01: service driver pcie_pme loaded
[    0.874974] pcieport 0000:00:17.5: Signaling PME through PCIe PME interrupt
[    0.874996] pcie_pme 0000:00:17.5:pcie01: service driver pcie_pme loaded
[    0.875096] pcieport 0000:00:17.6: Signaling PME through PCIe PME interrupt
[    0.875117] pcie_pme 0000:00:17.6:pcie01: service driver pcie_pme loaded
[    0.875216] pcieport 0000:00:17.7: Signaling PME through PCIe PME interrupt
[    0.875237] pcie_pme 0000:00:17.7:pcie01: service driver pcie_pme loaded
[    0.875336] pcieport 0000:00:18.0: Signaling PME through PCIe PME interrupt
[    0.875357] pcie_pme 0000:00:18.0:pcie01: service driver pcie_pme loaded
[    0.875458] pcieport 0000:00:18.1: Signaling PME through PCIe PME interrupt
[    0.875480] pcie_pme 0000:00:18.1:pcie01: service driver pcie_pme loaded
[    0.875578] pcieport 0000:00:18.2: Signaling PME through PCIe PME interrupt
[    0.875600] pcie_pme 0000:00:18.2:pcie01: service driver pcie_pme loaded
[    0.875698] pcieport 0000:00:18.3: Signaling PME through PCIe PME interrupt
[    0.875720] pcie_pme 0000:00:18.3:pcie01: service driver pcie_pme loaded
[    0.875831] pcieport 0000:00:18.4: Signaling PME through PCIe PME interrupt
[    0.875861] pcie_pme 0000:00:18.4:pcie01: service driver pcie_pme loaded
[    0.876022] pcieport 0000:00:18.5: Signaling PME through PCIe PME interrupt
[    0.876050] pcie_pme 0000:00:18.5:pcie01: service driver pcie_pme loaded
[    0.876220] pcieport 0000:00:18.6: Signaling PME through PCIe PME interrupt
[    0.876265] pcie_pme 0000:00:18.6:pcie01: service driver pcie_pme loaded
[    0.876405] pcieport 0000:00:18.7: Signaling PME through PCIe PME interrupt
[    0.876431] pcie_pme 0000:00:18.7:pcie01: service driver pcie_pme loaded
[    0.876445] pci_hotplug: PCI Hot Plug PCI Core version: 0.5
[    0.876969] pciehp 0000:00:15.0:pcie04: Slot #160 AttnBtn+ AttnInd- PwrInd- PwrCtrl+ MRL- Interlock- NoCompl+ LLActRep+
[    0.877181] pciehp 0000:00:15.0:pcie04: service driver pciehp loaded
[    0.877233] pciehp 0000:00:15.1:pcie04: Slot #161 AttnBtn+ AttnInd- PwrInd- PwrCtrl+ MRL- Interlock- NoCompl+ LLActRep+
[    0.877453] pciehp 0000:00:15.1:pcie04: service driver pciehp loaded
[    0.877505] pciehp 0000:00:15.2:pcie04: Slot #162 AttnBtn+ AttnInd- PwrInd- PwrCtrl+ MRL- Interlock- NoCompl+ LLActRep+
[    0.877861] pciehp 0000:00:15.2:pcie04: service driver pciehp loaded
[    0.877901] pciehp 0000:00:15.3:pcie04: Slot #163 AttnBtn+ AttnInd- PwrInd- PwrCtrl+ MRL- Interlock- NoCompl+ LLActRep+
[    0.878015] pciehp 0000:00:15.3:pcie04: service driver pciehp loaded
[    0.878051] pciehp 0000:00:15.4:pcie04: Slot #164 AttnBtn+ AttnInd- PwrInd- PwrCtrl+ MRL- Interlock- NoCompl+ LLActRep+
[    0.878152] pciehp 0000:00:15.4:pcie04: service driver pciehp loaded
[    0.878189] pciehp 0000:00:15.5:pcie04: Slot #165 AttnBtn+ AttnInd- PwrInd- PwrCtrl+ MRL- Interlock- NoCompl+ LLActRep+
[    0.878289] pciehp 0000:00:15.5:pcie04: service driver pciehp loaded
[    0.878332] pciehp 0000:00:15.6:pcie04: Slot #166 AttnBtn+ AttnInd- PwrInd- PwrCtrl+ MRL- Interlock- NoCompl+ LLActRep+
[    0.878429] pciehp 0000:00:15.6:pcie04: service driver pciehp loaded
[    0.878471] pciehp 0000:00:15.7:pcie04: Slot #167 AttnBtn+ AttnInd- PwrInd- PwrCtrl+ MRL- Interlock- NoCompl+ LLActRep+
[    0.878563] pciehp 0000:00:15.7:pcie04: service driver pciehp loaded
[    0.878604] pciehp 0000:00:16.0:pcie04: Slot #192 AttnBtn+ AttnInd- PwrInd- PwrCtrl+ MRL- Interlock- NoCompl+ LLActRep+
[    0.878695] pciehp 0000:00:16.0:pcie04: service driver pciehp loaded
[    0.878737] pciehp 0000:00:16.1:pcie04: Slot #193 AttnBtn+ AttnInd- PwrInd- PwrCtrl+ MRL- Interlock- NoCompl+ LLActRep+
[    0.878839] pciehp 0000:00:16.1:pcie04: service driver pciehp loaded
[    0.878894] pciehp 0000:00:16.2:pcie04: Slot #194 AttnBtn+ AttnInd- PwrInd- PwrCtrl+ MRL- Interlock- NoCompl+ LLActRep+
[    0.879047] pciehp 0000:00:16.2:pcie04: service driver pciehp loaded
[    0.879101] pciehp 0000:00:16.3:pcie04: Slot #195 AttnBtn+ AttnInd- PwrInd- PwrCtrl+ MRL- Interlock- NoCompl+ LLActRep+
[    0.879211] pciehp 0000:00:16.3:pcie04: service driver pciehp loaded
[    0.879244] pciehp 0000:00:16.4:pcie04: Slot #196 AttnBtn+ AttnInd- PwrInd- PwrCtrl+ MRL- Interlock- NoCompl+ LLActRep+
[    0.879337] pciehp 0000:00:16.4:pcie04: service driver pciehp loaded
[    0.879372] pciehp 0000:00:16.5:pcie04: Slot #197 AttnBtn+ AttnInd- PwrInd- PwrCtrl+ MRL- Interlock- NoCompl+ LLActRep+
[    0.879456] pciehp 0000:00:16.5:pcie04: service driver pciehp loaded
[    0.879490] pciehp 0000:00:16.6:pcie04: Slot #198 AttnBtn+ AttnInd- PwrInd- PwrCtrl+ MRL- Interlock- NoCompl+ LLActRep+
[    0.879572] pciehp 0000:00:16.6:pcie04: service driver pciehp loaded
